Component: ARM Compiler 5.06 update 2 (build 183) Tool: armlink [4d35b7]

==============================================================================

Section Cross References

    main.o(i.beep_task) refers to os_task.o(i.OSTaskDelReq) for OSTaskDelReq
    main.o(i.beep_task) refers to os_task.o(i.OSTaskDel) for OSTaskDel
    main.o(i.beep_task) refers to delay.o(i.delay_ms) for delay_ms
    main.o(i.key_task) refers to key.o(i.KEY_Scan) for KEY_Scan
    main.o(i.key_task) refers to os_task.o(i.OSTaskSuspend) for OSTaskSuspend
    main.o(i.key_task) refers to gui.o(i.Gui_DrawFont_GBK16) for Gui_DrawFont_GBK16
    main.o(i.key_task) refers to usart.o(i.UsartPrintf) for UsartPrintf
    main.o(i.key_task) refers to os_task.o(i.OSTaskResume) for OSTaskResume
    main.o(i.key_task) refers to delay.o(i.delay_ms) for delay_ms
    main.o(i.led_task) refers to delay.o(i.delay_ms) for delay_ms
    main.o(i.main) refers to delay.o(i.delay_init) for delay_init
    main.o(i.main) refers to sys.o(i.NVIC_Configuration) for NVIC_Configuration
    main.o(i.main) refers to usart.o(i.Debug_USART_Config) for Debug_USART_Config
    main.o(i.main) refers to led.o(i.LED_Init) for LED_Init
    main.o(i.main) refers to key.o(i.KEY_Init) for KEY_Init
    main.o(i.main) refers to lcd_driver.o(i.Lcd_Init) for Lcd_Init
    main.o(i.main) refers to lcd_driver.o(i.Lcd_Clear) for Lcd_Clear
    main.o(i.main) refers to usart.o(i.UsartPrintf) for UsartPrintf
    main.o(i.main) refers to os_core.o(i.OSInit) for OSInit
    main.o(i.main) refers to os_task.o(i.OSTaskCreate) for OSTaskCreate
    main.o(i.main) refers to os_core.o(i.OSStart) for OSStart
    main.o(i.main) refers to main.o(.bss) for START_TASK_STK
    main.o(i.main) refers to main.o(i.start_task) for start_task
    main.o(i.start_task) refers to os_core.o(i.OSStatInit) for OSStatInit
    main.o(i.start_task) refers to os_cpu_a.o(.text) for OS_CPU_SR_Save
    main.o(i.start_task) refers to os_task.o(i.OSTaskCreate) for OSTaskCreate
    main.o(i.start_task) refers to os_task.o(i.OSTaskSuspend) for OSTaskSuspend
    main.o(i.start_task) refers to main.o(.bss) for LED_TASK_STK
    main.o(i.start_task) refers to main.o(i.led_task) for led_task
    main.o(i.start_task) refers to main.o(i.key_task) for key_task
    system_stm32f10x.o(i.SetSysClock) refers to system_stm32f10x.o(i.SetSysClockTo72) for SetSysClockTo72
    system_stm32f10x.o(i.SystemCoreClockUpdate) refers to system_stm32f10x.o(.data) for SystemCoreClock
    system_stm32f10x.o(i.SystemInit) refers to system_stm32f10x.o(i.SetSysClock) for SetSysClock
    led.o(i.LED_Init) refers to stm32f10x_rcc.o(i.RCC_APB2PeriphClockCmd) for RCC_APB2PeriphClockCmd
    led.o(i.LED_Init) refers to stm32f10x_gpio.o(i.GPIO_Init) for GPIO_Init
    led.o(i.LED_Init) refers to stm32f10x_gpio.o(i.GPIO_SetBits) for GPIO_SetBits
    key.o(i.KEY_Init) refers to stm32f10x_rcc.o(i.RCC_APB2PeriphClockCmd) for RCC_APB2PeriphClockCmd
    key.o(i.KEY_Init) refers to stm32f10x_gpio.o(i.GPIO_Init) for GPIO_Init
    key.o(i.KEY_Scan) refers to stm32f10x_gpio.o(i.GPIO_ReadInputDataBit) for GPIO_ReadInputDataBit
    key.o(i.KEY_Scan) refers to delay.o(i.delay_ms) for delay_ms
    key.o(i.KEY_Scan) refers to key.o(.data) for key_up
    gui.o(i.DisplayButtonDown) refers to gui.o(i.Gui_DrawLine) for Gui_DrawLine
    gui.o(i.DisplayButtonUp) refers to gui.o(i.Gui_DrawLine) for Gui_DrawLine
    gui.o(i.Gui_Circle) refers to lcd_driver.o(i.Gui_DrawPoint) for Gui_DrawPoint
    gui.o(i.Gui_DrawFont_GBK16) refers to lcd_driver.o(i.Gui_DrawPoint) for Gui_DrawPoint
    gui.o(i.Gui_DrawFont_GBK16) refers to gui.o(.constdata) for asc16
    gui.o(i.Gui_DrawFont_GBK24) refers to lcd_driver.o(i.Gui_DrawPoint) for Gui_DrawPoint
    gui.o(i.Gui_DrawFont_GBK24) refers to gui.o(.constdata) for asc16
    gui.o(i.Gui_DrawFont_Num32) refers to lcd_driver.o(i.Gui_DrawPoint) for Gui_DrawPoint
    gui.o(i.Gui_DrawFont_Num32) refers to gui.o(.constdata) for sz32
    gui.o(i.Gui_DrawLine) refers to lcd_driver.o(i.Lcd_SetXY) for Lcd_SetXY
    gui.o(i.Gui_DrawLine) refers to lcd_driver.o(i.Gui_DrawPoint) for Gui_DrawPoint
    gui.o(i.Gui_box) refers to gui.o(i.Gui_DrawLine) for Gui_DrawLine
    gui.o(i.Gui_box2) refers to gui.o(i.Gui_DrawLine) for Gui_DrawLine
    lcd_driver.o(i.Gui_DrawPoint) refers to lcd_driver.o(i.Lcd_SetRegion) for Lcd_SetRegion
    lcd_driver.o(i.Gui_DrawPoint) refers to lcd_driver.o(i.LCD_WriteData_16Bit) for LCD_WriteData_16Bit
    lcd_driver.o(i.LCD_GPIO_Init) refers to stm32f10x_rcc.o(i.RCC_APB2PeriphClockCmd) for RCC_APB2PeriphClockCmd
    lcd_driver.o(i.LCD_GPIO_Init) refers to stm32f10x_gpio.o(i.GPIO_Init) for GPIO_Init
    lcd_driver.o(i.LCD_WriteData_16Bit) refers to lcd_driver.o(i.SPI_WriteData) for SPI_WriteData
    lcd_driver.o(i.Lcd_Clear) refers to lcd_driver.o(i.Lcd_SetRegion) for Lcd_SetRegion
    lcd_driver.o(i.Lcd_Clear) refers to lcd_driver.o(i.Lcd_WriteIndex) for Lcd_WriteIndex
[...]
    .ARM.Collect$$libinit$$0000001D          0x08000252   Section        0  libinit2.o(.ARM.Collect$$libinit$$0000001D)
    .ARM.Collect$$libinit$$0000001F          0x08000252   Section        0  libinit2.o(.ARM.Collect$$libinit$$0000001F)
    .ARM.Collect$$libinit$$00000021          0x08000252   Section        0  libinit2.o(.ARM.Collect$$libinit$$00000021)
    .ARM.Collect$$libinit$$00000023          0x08000252   Section        0  libinit2.o(.ARM.Collect$$libinit$$00000023)
    .ARM.Collect$$libinit$$00000025          0x08000252   Section        0  libinit2.o(.ARM.Collect$$libinit$$00000025)
    .ARM.Collect$$libinit$$0000002C          0x08000252   Section        0  libinit2.o(.ARM.Collect$$libinit$$0000002C)
    .ARM.Collect$$libinit$$0000002E          0x08000252   Section        0  libinit2.o(.ARM.Collect$$libinit$$0000002E)
    .ARM.Collect$$libinit$$00000030          0x08000252   Section        0  libinit2.o(.ARM.Collect$$libinit$$00000030)
    .ARM.Collect$$libinit$$00000032          0x08000252   Section        0  libinit2.o(.ARM.Collect$$libinit$$00000032)
    .ARM.Collect$$libinit$$00000033          0x08000252   Section        2  libinit2.o(.ARM.Collect$$libinit$$00000033)
    .ARM.Collect$$libshutdown$$00000000      0x08000254   Section        2  libshutdown.o(.ARM.Collect$$libshutdown$$00000000)
    .ARM.Collect$$libshutdown$$00000002      0x08000256   Section        0  libshutdown2.o(.ARM.Collect$$libshutdown$$00000002)
    .ARM.Collect$$libshutdown$$00000004      0x08000256   Section        0  libshutdown2.o(.ARM.Collect$$libshutdown$$00000004)
    .ARM.Collect$$libshutdown$$00000007      0x08000256   Section        0  libshutdown2.o(.ARM.Collect$$libshutdown$$00000007)
    .ARM.Collect$$libshutdown$$0000000A      0x08000256   Section        0  libshutdown2.o(.ARM.Collect$$libshutdown$$0000000A)
    .ARM.Collect$$libshutdown$$0000000C      0x08000256   Section        0  libshutdown2.o(.ARM.Collect$$libshutdown$$0000000C)
    .ARM.Collect$$libshutdown$$0000000F      0x08000256   Section        0  libshutdown2.o(.ARM.Collect$$libshutdown$$0000000F)
    .ARM.Collect$$libshutdown$$00000010      0x08000256   Section        2  libshutdown2.o(.ARM.Collect$$libshutdown$$00000010)
    .ARM.Collect$$rtentry$$00000000          0x08000258   Section        0  __rtentry.o(.ARM.Collect$$rtentry$$00000000)
    .ARM.Collect$$rtentry$$00000002          0x08000258   Section        0  __rtentry2.o(.ARM.Collect$$rtentry$$00000002)
    .ARM.Collect$$rtentry$$00000004          0x08000258   Section        6  __rtentry4.o(.ARM.Collect$$rtentry$$00000004)
    .ARM.Collect$$rtentry$$00000009          0x0800025e   Section        0  __rtentry2.o(.ARM.Collect$$rtentry$$00000009)
    .ARM.Collect$$rtentry$$0000000A          0x0800025e   Section        4  __rtentry2.o(.ARM.Collect$$rtentry$$0000000A)
    .ARM.Collect$$rtentry$$0000000C          0x08000262   Section        0  __rtentry2.o(.ARM.Collect$$rtentry$$0000000C)
    .ARM.Collect$$rtentry$$0000000D          0x08000262   Section        8  __rtentry2.o(.ARM.Collect$$rtentry$$0000000D)
    .ARM.Collect$$rtexit$$00000000           0x0800026a   Section        2  rtexit.o(.ARM.Collect$$rtexit$$00000000)
    .ARM.Collect$$rtexit$$00000002           0x0800026c   Section        0  rtexit2.o(.ARM.Collect$$rtexit$$00000002)
    .ARM.Collect$$rtexit$$00000003           0x0800026c   Section        4  rtexit2.o(.ARM.Collect$$rtexit$$00000003)
    .ARM.Collect$$rtexit$$00000004           0x08000270   Section        6  rtexit2.o(.ARM.Collect$$rtexit$$00000004)
    .text                                    0x08000278   Section       64  startup_stm32f10x_hd.o(.text)
    .text                                    0x080002b8   Section      180  os_cpu_a.o(.text)
    .text                                    0x0800036c   Section        0  c89vsprintf.o(.text)
    .text                                    0x08000390   Section        0  heapauxi.o(.text)
    .text                                    0x08000396   Section        0  _printf_pad.o(.text)
    .text                                    0x080003e4   Section        0  _printf_truncate.o(.text)
    .text                                    0x08000408   Section        0  _printf_str.o(.text)
    .text                                    0x0800045c   Section        0  _printf_dec.o(.text)
    .text                                    0x080004d4   Section        0  _printf_charcount.o(.text)
    .text                                    0x080004fc   Section        0  _printf_char_common.o(.text)
    _printf_input_char                       0x080004fd   Thumb Code    10  _printf_char_common.o(.text)
    .text                                    0x0800052c   Section        0  _sputc.o(.text)
    .text                                    0x08000538   Section        0  _printf_wctomb.o(.text)
    .text                                    0x080005f4   Section        0  _printf_longlong_dec.o(.text)
    .text                                    0x08000670   Section        0  _printf_oct_int_ll.o(.text)
    _printf_longlong_oct_internal            0x08000671   Thumb Code     0  _printf_oct_int_ll.o(.text)
    .text                                    0x080006e0   Section        0  _printf_hex_int_ll_ptr.o(.text)
    _printf_hex_common                       0x080006e1   Thumb Code     0  _printf_hex_int_ll_ptr.o(.text)
    .text                                    0x08000774   Section        0  __printf_flags_ss_wp.o(.text)
    .text                                    0x080008fc   Section      138  lludiv10.o(.text)
    .text                                    0x08000986   Section        0  _printf_intcommon.o(.text)
    .text                                    0x08000a38   Section        0  _printf_fp_dec.o(.text)
    _fp_digits                               0x08000a3b   Thumb Code   428  _printf_fp_dec.o(.text)
    .text                                    0x08000e52   Section        0  _printf_char.o(.text)
    .text                                    0x08000e7e   Section        0  _printf_wchar.o(.text)
    .text                                    0x08000eaa   Section        0  _wcrtomb.o(.text)
    .text                                    0x08000eea   Section       74  sys_stackheap_outer.o(.text)
    .text                                    0x08000f34   Section       16  rt_ctype_table.o(.text)
    .text                                    0x08000f44   Section        8  rt_locale_intlibspace.o(.text)
    .text                                    0x08000f4c   Section        0  _printf_fp_infnan.o(.text)
    .text                                    0x08000fcc   Section        0  bigflt0.o(.text)
    .text                                    0x080010a8   Section        0  exit.o(.text)
    .text                                    0x080010bc   Section        8  libspace.o(.text)
    .text                                    0x080010c4   Section      128  strcmpv7m.o(.text)
    .text                                    0x08001144   Section        0  sys_exit.o(.text)
    .text                                    0x08001150   Section        2  use_no_semi.o(.text)
    .text                                    0x08001152   Section        0  indicate_semi.o(.text)
    CL$$btod_d2e                             0x08001152   Section       62  btod.o(CL$$btod_d2e)
    CL$$btod_d2e_denorm_low                  0x08001190   Section       70  btod.o(CL$$btod_d2e_denorm_low)
    CL$$btod_d2e_norm_op1                    0x080011d6   Section       96  btod.o(CL$$btod_d2e_norm_op1)
    CL$$btod_div_common                      0x08001236   Section      824  btod.o(CL$$btod_div_common)
    CL$$btod_e2e                             0x0800156e   Section      198  btod.o(CL$$btod_e2e)
    CL$$btod_ediv                            0x08001634   Section       40  btod.o(CL$$btod_ediv)
    CL$$btod_emul                            0x0800165c   Section       40  btod.o(CL$$btod_emul)
    CL$$btod_mult_common                     0x08001684   Section      580  btod.o(CL$$btod_mult_common)
    i.BusFault_Handler                       0x080018c8   Section        0  stm32f10x_it.o(i.BusFault_Handler)
    i.DebugMon_Handler                       0x080018cc   Section        0  stm32f10x_it.o(i.DebugMon_Handler)
    i.Debug_NVIC_Configuration               0x080018ce   Section        0  usart.o(i.Debug_NVIC_Configuration)
    Debug_NVIC_Configuration                 0x080018cf   Thumb Code    38  usart.o(i.Debug_NVIC_Configuration)
    i.Debug_USART_Config                     0x080018f4   Section        0  usart.o(i.Debug_USART_Config)
    i.GPIO_Init                              0x08001984   Section        0  stm32f10x_gpio.o(i.GPIO_Init)
    i.GPIO_ReadInputDataBit                  0x08001a9a   Section        0  stm32f10x_gpio.o(i.GPIO_ReadInputDataBit)
    i.GPIO_SetBits                           0x08001aac   Section        0  stm32f10x_gpio.o(i.GPIO_SetBits)
    i.Gui_DrawFont_GBK16                     0x08001ab0   Section        0  gui.o(i.Gui_DrawFont_GBK16)
    i.Gui_DrawPoint                          0x08001c44   Section        0  lcd_driver.o(i.Gui_DrawPoint)
    i.HardFault_Handler                      0x08001c64   Section        0  stm32f10x_it.o(i.HardFault_Handler)
    i.KEY_Init                               0x08001c68   Section        0  key.o(i.KEY_Init)
    i.KEY_Scan                               0x08001c8c   Section        0  key.o(i.KEY_Scan)
    i.LCD_GPIO_Init                          0x08001ce0   Section        0  lcd_driver.o(i.LCD_GPIO_Init)
    i.LCD_WriteData_16Bit                    0x08001d34   Section        0  lcd_driver.o(i.LCD_WriteData_16Bit)
    i.LED_Init                               0x08001d68   Section        0  led.o(i.LED_Init)
    i.Lcd_Clear                              0x08001da0   Section        0  lcd_driver.o(i.Lcd_Clear)
    i.Lcd_Init                               0x08001dd2   Section        0  lcd_driver.o(i.Lcd_Init)
    i.Lcd_Reset                              0x08001ff4   Section        0  lcd_driver.o(i.Lcd_Reset)
    i.Lcd_SetRegion                          0x08002004   Section        0  lcd_driver.o(i.Lcd_SetRegion)
    i.Lcd_WriteData                          0x0800205c   Section        0  lcd_driver.o(i.Lcd_WriteData)
    i.Lcd_WriteIndex                         0x08002088   Section        0  lcd_driver.o(i.Lcd_WriteIndex)
    i.MemManage_Handler                      0x080020b4   Section        0  stm32f10x_it.o(i.MemManage_Handler)
    i.NMI_Handler                            0x080020b8   Section        0  stm32f10x_it.o(i.NMI_Handler)
    i.NVIC_Configuration                     0x080020ba   Section        0  sys.o(i.NVIC_Configuration)
    i.NVIC_Init                              0x080020c8   Section        0  misc.o(i.NVIC_Init)
    i.NVIC_PriorityGroupConfig               0x08002138   Section        0  misc.o(i.NVIC_PriorityGroupConfig)
    i.OSInit                                 0x0800214c   Section        0  os_core.o(i.OSInit)
    i.OSInitHookBegin                        0x08002178   Section        0  os_cpu_c.o(i.OSInitHookBegin)
    i.OSInitHookEnd                          0x0800217a   Section        0  os_cpu_c.o(i.OSInitHookEnd)
    i.OSIntEnter                             0x0800217c   Section        0  os_core.o(i.OSIntEnter)
    i.OSIntExit                              0x080021a0   Section        0  os_core.o(i.OSIntExit)
    i.OSStart                                0x08002230   Section        0  os_core.o(i.OSStart)
    i.OSStatInit                             0x08002278   Section        0  os_core.o(i.OSStatInit)
    i.OSTCBInitHook                          0x080022c4   Section        0  os_cpu_c.o(i.OSTCBInitHook)
    i.OSTaskCreate                           0x080022c8   Section        0  os_task.o(i.OSTaskCreate)
    i.OSTaskCreateExt                        0x08002368   Section        0  os_task.o(i.OSTaskCreateExt)
    i.OSTaskCreateHook                       0x08002420   Section        0  os_cpu_c.o(i.OSTaskCreateHook)
    i.OSTaskIdleHook                         0x08002422   Section        0  os_cpu_c.o(i.OSTaskIdleHook)
    i.OSTaskNameSet                          0x08002424   Section        0  os_task.o(i.OSTaskNameSet)
    i.OSTaskResume                           0x08002494   Section        0  os_task.o(i.OSTaskResume)
    i.OSTaskStatHook                         0x08002540   Section        0  os_cpu_c.o(i.OSTaskStatHook)
    i.OSTaskStkChk                           0x08002544   Section        0  os_task.o(i.OSTaskStkChk)
    i.OSTaskStkInit                          0x080025d0   Section        0  os_cpu_c.o(i.OSTaskStkInit)
    i.OSTaskSuspend                          0x0800266c   Section        0  os_task.o(i.OSTaskSuspend)
    i.OSTaskSwHook                           0x08002714   Section        0  os_cpu_c.o(i.OSTaskSwHook)
    i.OSTimeDly                              0x08002718   Section        0  os_time.o(i.OSTimeDly)
    i.OSTimeTick                             0x08002790   Section        0  os_core.o(i.OSTimeTick)
    i.OSTimeTickHook                         0x0800287c   Section        0  os_cpu_c.o(i.OSTimeTickHook)
    i.OS_FlagInit                            0x08002880   Section        0  os_flag.o(i.OS_FlagInit)
    i.OS_InitEventList                       0x080028d8   Section        0  os_core.o(i.OS_InitEventList)
    OS_InitEventList                         0x080028d9   Thumb Code    74  os_core.o(i.OS_InitEventList)
    i.OS_InitMisc                            0x0800292c   Section        0  os_core.o(i.OS_InitMisc)
    OS_InitMisc                              0x0800292d   Thumb Code    44  os_core.o(i.OS_InitMisc)
    i.OS_InitRdyList                         0x08002980   Section        0  os_core.o(i.OS_InitRdyList)
    OS_InitRdyList                           0x08002981   Thumb Code    44  os_core.o(i.OS_InitRdyList)
    i.OS_InitTCBList                         0x080029c4   Section        0  os_core.o(i.OS_InitTCBList)
    OS_InitTCBList                           0x080029c5   Thumb Code   106  os_core.o(i.OS_InitTCBList)
    i.OS_InitTaskIdle                        0x08002a44   Section        0  os_core.o(i.OS_InitTaskIdle)
    OS_InitTaskIdle                          0x08002a45   Thumb Code    50  os_core.o(i.OS_InitTaskIdle)
    i.OS_InitTaskStat                        0x08002a94   Section        0  os_core.o(i.OS_InitTaskStat)
    OS_InitTaskStat                          0x08002a95   Thumb Code    50  os_core.o(i.OS_InitTaskStat)
    i.OS_MemClr                              0x08002ae4   Section        0  os_core.o(i.OS_MemClr)
    i.OS_QInit                               0x08002af8   Section        0  os_q.o(i.OS_QInit)
    i.OS_Sched                               0x08002b48   Section        0  os_core.o(i.OS_Sched)
    i.OS_SchedNew                            0x08002bbc   Section        0  os_core.o(i.OS_SchedNew)
    OS_SchedNew                              0x08002bbd   Thumb Code    26  os_core.o(i.OS_SchedNew)
    i.OS_TCBInit                             0x08002be8   Section        0  os_core.o(i.OS_TCBInit)
    i.OS_TaskIdle                            0x08002d1c   Section        0  os_core.o(i.OS_TaskIdle)
    i.OS_TaskStat                            0x08002d44   Section        0  os_core.o(i.OS_TaskStat)
    i.OS_TaskStatStkChk                      0x08002dcc   Section        0  os_core.o(i.OS_TaskStatStkChk)
    i.OS_TaskStkClr                          0x08002e08   Section        0  os_task.o(i.OS_TaskStkClr)
    i.RCC_APB1PeriphClockCmd                 0x08002e24   Section        0  stm32f10x_rcc.o(i.RCC_APB1PeriphClockCmd)
    i.RCC_APB2PeriphClockCmd                 0x08002e44   Section        0  stm32f10x_rcc.o(i.RCC_APB2PeriphClockCmd)
    i.RCC_GetClocksFreq                      0x08002e64   Section        0  stm32f10x_rcc.o(i.RCC_GetClocksFreq)
    i.SPI_WriteData                          0x08002f38   Section        0  lcd_driver.o(i.SPI_WriteData)
    i.SVC_Handler                            0x08002f78   Section        0  stm32f10x_it.o(i.SVC_Handler)
    i.SetSysClock                            0x08002f7a   Section        0  system_stm32f10x.o(i.SetSysClock)
    SetSysClock                              0x08002f7b   Thumb Code     8  system_stm32f10x.o(i.SetSysClock)
    i.SetSysClockTo72                        0x08002f84   Section        0  system_stm32f10x.o(i.SetSysClockTo72)
    SetSysClockTo72                          0x08002f85   Thumb Code   214  system_stm32f10x.o(i.SetSysClockTo72)
    i.SysTick_CLKSourceConfig                0x08003064   Section        0  misc.o(i.SysTick_CLKSourceConfig)
    i.SysTick_Handler                        0x0800308c   Section        0  delay.o(i.SysTick_Handler)
    i.SystemInit                             0x0800309c   Section        0  system_stm32f10x.o(i.SystemInit)
    i.USART_Cmd                              0x080030fc   Section        0  stm32f10x_usart.o(i.USART_Cmd)
    i.USART_GetFlagStatus                    0x08003114   Section        0  stm32f10x_usart.o(i.USART_GetFlagStatus)
    i.USART_ITConfig                         0x0800312e   Section        0  stm32f10x_usart.o(i.USART_ITConfig)
    i.USART_Init                             0x08003178   Section        0  stm32f10x_usart.o(i.USART_Init)
    i.USART_SendData                         0x08003250   Section        0  stm32f10x_usart.o(i.USART_SendData)
    i.UsageFault_Handler                     0x08003258   Section        0  stm32f10x_it.o(i.UsageFault_Handler)
    i.UsartPrintf                            0x0800325c   Section        0  usart.o(i.UsartPrintf)
    i.__ARM_fpclassify                       0x080032a0   Section        0  fpclassify.o(i.__ARM_fpclassify)
    i._is_digit                              0x080032c8   Section        0  __printf_wp.o(i._is_digit)
    i.delay_init                             0x080032d8   Section        0  delay.o(i.delay_init)
    i.delay_ms                               0x08003334   Section        0  delay.o(i.delay_ms)
    i.delay_us                               0x0800337c   Section        0  delay.o(i.delay_us)
    i.key_task                               0x080033c8   Section        0  main.o(i.key_task)
    i.led_task                               0x080034c8   Section        0  main.o(i.led_task)
    i.main                                   0x080034e0   Section        0  main.o(i.main)
    i.start_task                             0x08003570   Section        0  main.o(i.start_task)
    locale$$code                             0x080035b8   Section       44  lc_numeric_c.o(locale$$code)
    locale$$code                             0x080035e4   Section       44  lc_ctype_c.o(locale$$code)
    x$fpl$printf1                            0x08003610   Section        4  printf1.o(x$fpl$printf1)
    .constdata                               0x08003614   Section     3754  gui.o(.constdata)
    x$fpl$usenofp                            0x08003614   Section        0  usenofp.o(x$fpl$usenofp)
    .constdata                               0x080044be   Section      256  os_core.o(.constdata)
    .constdata                               0x080045c0   Section        8  _printf_wctomb.o(.constdata)
    initial_mbstate                          0x080045c0   Data           8  _printf_wctomb.o(.constdata)
    .constdata                               0x080045c8   Section       40  _printf_hex_int_ll_ptr.o(.constdata)
    uc_hextab                                0x080045c8   Data          20  _printf_hex_int_ll_ptr.o(.constdata)
    lc_hextab                                0x080045dc   Data          20  _printf_hex_int_ll_ptr.o(.constdata)
    .constdata                               0x080045f0   Section       17  __printf_flags_ss_wp.o(.constdata)
    maptable                                 0x080045f0   Data          17  __printf_flags_ss_wp.o(.constdata)
    .constdata                               0x08004604   Section      148  bigflt0.o(.constdata)
    tenpwrs_x                                0x08004604   Data          60  bigflt0.o(.constdata)
    tenpwrs_i                                0x08004640   Data          64  bigflt0.o(.constdata)
    locale$$data                             0x080046b8   Section       28  lc_numeric_c.o(locale$$data)
    __lcnum_c_name                           0x080046bc   Data           2  lc_numeric_c.o(locale$$data)
    __lcnum_c_start                          0x080046c4   Data           0  lc_numeric_c.o(locale$$data)
    __lcnum_c_point                          0x080046d0   Data           0  lc_numeric_c.o(locale$$data)
    __lcnum_c_thousands                      0x080046d2   Data           0  lc_numeric_c.o(locale$$data)
    __lcnum_c_grouping                       0x080046d3   Data           0  lc_numeric_c.o(locale$$data)
    locale$$data                             0x080046d4   Section      272  lc_ctype_c.o(locale$$data)
    __lcnum_c_end                            0x080046d4   Data           0  lc_numeric_c.o(locale$$data)
    __lcctype_c_name                         0x080046d8   Data           2  lc_ctype_c.o(locale$$data)
    __lcctype_c_start                        0x080046e0   Data           0  lc_ctype_c.o(locale$$data)
    __lcctype_c_end                          0x080047e4   Data           0  lc_ctype_c.o(locale$$data)
    .data                                    0x20000000   Section       20  system_stm32f10x.o(.data)
    .data                                    0x20000014   Section        1  key.o(.data)
    key_up                                   0x20000014   Data           1  key.o(.data)
    .data                                    0x20000016   Section        4  delay.o(.data)
    fac_us                                   0x20000016   Data           1  delay.o(.data)
    fac_ms                                   0x20000018   Data           2  delay.o(.data)
    .data                                    0x2000001a   Section       20  stm32f10x_rcc.o(.data)
    APBAHBPrescTable                         0x2000001a   Data          16  stm32f10x_rcc.o(.data)
    ADCPrescTable                            0x2000002a   Data           4  stm32f10x_rcc.o(.data)
    .data                                    0x20000030   Section       72  os_core.o(.data)
    .bss                                     0x20000078   Section     1024  main.o(.bss)
    .bss                                     0x20000478   Section     2688  os_core.o(.bss)
    .bss                                     0x20000ef8   Section       96  libspace.o(.bss)
    HEAP                                     0x20000f58   Section      512  startup_stm32f10x_hd.o(HEAP)
    Heap_Mem                                 0x20000f58   Data         512  startup_stm32f10x_hd.o(HEAP)
    STACK                                    0x20001158   Section     1024  startup_stm32f10x_hd.o(STACK)
    Stack_Mem                                0x20001158   Data        1024  startup_stm32f10x_hd.o(STACK)
    __initial_sp                             0x20001558   Data           0  startup_stm32f10x_hd.o(STACK)

    Global Symbols

    Symbol Name                              Value     Ov Type        Size  Object(Section)

    BuildAttributes$$THM_ISAv4$P$D$K$B$S$PE$A:L22UL41UL21$X:L11$S22US41US21$IEEE1$IW$USESV6$~STKCKD$USESV7$~SHL$OTIME$ROPI$IEEEJ$EBA8$UX$STANDARDLIB$REQ8$PRES8$EABIv2 0x00000000   Number         0  anon$$obj.o ABSOLUTE
    __ARM_use_no_argv                        0x00000000   Number         0  main.o ABSOLUTE
    _printf_flags                            0x00000000   Number         0  printf_stubs.o ABSOLUTE
    _printf_return_value                     0x00000000   Number         0  printf_stubs.o ABSOLUTE
    _printf_sizespec                         0x00000000   Number         0  printf_stubs.o ABSOLUTE
    _printf_widthprec                        0x00000000   Number         0  printf_stubs.o ABSOLUTE
    __ARM_exceptions_init                     - Undefined Weak Reference
    __alloca_initialize                       - Undefined Weak Reference
    __arm_preinit_                            - Undefined Weak Reference
    __cpp_initialize__aeabi_                  - Undefined Weak Reference
    __cxa_finalize                            - Undefined Weak Reference
    __sigvec_lookup                           - Undefined Weak Reference
    _atexit_init                              - Undefined Weak Reference
    _call_atexit_fns                          - Undefined Weak Reference
    _clock_init                               - Undefined Weak Reference
    _fp_trap_init                             - Undefined Weak Reference
    _fp_trap_shutdown                         - Undefined Weak Reference
    _get_lc_collate                           - Undefined Weak Reference
    _get_lc_monetary                          - Undefined Weak Reference
    _get_lc_time                              - Undefined Weak Reference
    _getenv_init                              - Undefined Weak Reference
    _handle_redirection                       - Undefined Weak Reference
    _init_alloc                               - Undefined Weak Reference
    _init_user_alloc                          - Undefined Weak Reference
    _initio                                   - Undefined Weak Reference
    _printf_fp_hex                            - Undefined Weak Reference
    _printf_mbtowc                            - Undefined Weak Reference
    _printf_wc                                - Undefined Weak Reference
    _rand_init                                - Undefined Weak Reference
    _signal_finish                            - Undefined Weak Reference
    _signal_init                              - Undefined Weak Reference
    _terminate_alloc                          - Undefined Weak Reference
    _terminate_user_alloc                     - Undefined Weak Reference
    _terminateio                              - Undefined Weak Reference
    __Vectors_Size                           0x00000130   Number         0  startup_stm32f10x_hd.o ABSOLUTE
    __Vectors                                0x08000000   Data           4  startup_stm32f10x_hd.o(RESET)
    __Vectors_End                            0x08000130   Data           0  startup_stm32f10x_hd.o(RESET)
    __main                                   0x08000131   Thumb Code     8  __main.o(!!!main)
    __scatterload                            0x08000139   Thumb Code     0  __scatter.o(!!!scatter)
    __scatterload_rt2                        0x08000139   Thumb Code    44  __scatter.o(!!!scatter)
    __scatterload_rt2_thumb_only             0x08000139   Thumb Code     0  __scatter.o(!!!scatter)
    __scatterload_null                       0x08000147   Thumb Code     0  __scatter.o(!!!scatter)
    __scatterload_copy                       0x0800016d   Thumb Code    26  __scatter_copy.o(!!handler_copy)
    __scatterload_zeroinit                   0x08000189   Thumb Code    28  __scatter_zi.o(!!handler_zi)
    _printf_n                                0x080001a5   Thumb Code     0  _printf_n.o(.ARM.Collect$$_printf_percent$$00000001)
    _printf_percent                          0x080001a5   Thumb Code     0  _printf_percent.o(.ARM.Collect$$_printf_percent$$00000000)
    _printf_p                                0x080001ab   Thumb Code     0  _printf_p.o(.ARM.Collect$$_printf_percent$$00000002)
    _printf_f                                0x080001b1   Thumb Code     0  _printf_f.o(.ARM.Collect$$_printf_percent$$00000003)
    _printf_e                                0x080001b7   Thumb Code     0  _printf_e.o(.ARM.Collect$$_printf_percent$$00000004)
    _printf_g                                0x080001bd   Thumb Code     0  _printf_g.o(.ARM.Collect$$_printf_percent$$00000005)
    _printf_a                                0x080001c3   Thumb Code     0  _printf_a.o(.ARM.Collect$$_printf_percent$$00000006)
    _printf_ll                               0x080001c9   Thumb Code     0  _printf_ll.o(.ARM.Collect$$_printf_percent$$00000007)
    _printf_i                                0x080001d3   Thumb Code     0  _printf_i.o(.ARM.Collect$$_printf_percent$$00000008)
    _printf_d                                0x080001d9   Thumb Code     0  _printf_d.o(.ARM.Collect$$_printf_percent$$00000009)
    _printf_u                                0x080001df   Thumb Code     0  _printf_u.o(.ARM.Collect$$_printf_percent$$0000000A)
    _printf_o                                0x080001e5   Thumb Code     0  _printf_o.o(.ARM.Collect$$_printf_percent$$0000000B)
    _printf_x                                0x080001eb   Thumb Code     0  _printf_x.o(.ARM.Collect$$_printf_percent$$0000000C)
    _printf_lli                              0x080001f1   Thumb Code     0  _printf_lli.o(.ARM.Collect$$_printf_percent$$0000000D)
    _printf_lld                              0x080001f7   Thumb Code     0  _printf_lld.o(.ARM.Collect$$_printf_percent$$0000000E)
    _printf_llu                              0x080001fd   Thumb Code     0  _printf_llu.o(.ARM.Collect$$_printf_percent$$0000000F)
    _printf_llo                              0x08000203   Thumb Code     0  _printf_llo.o(.ARM.Collect$$_printf_percent$$00000010)
    _printf_llx                              0x08000209   Thumb Code     0  _printf_llx.o(.ARM.Collect$$_printf_percent$$00000011)
    _printf_l                                0x0800020f   Thumb Code     0  _printf_l.o(.ARM.Collect$$_printf_percent$$00000012)
    _printf_c                                0x08000219   Thumb Code     0  _printf_c.o(.ARM.Collect$$_printf_percent$$00000013)
    _printf_s                                0x0800021f   Thumb Code     0  _printf_s.o(.ARM.Collect$$_printf_percent$$00000014)
    _printf_lc                               0x08000225   Thumb Code     0  _printf_lc.o(.ARM.Collect$$_printf_percent$$00000015)
    _printf_ls                               0x0800022b   Thumb Code     0  _printf_ls.o(.ARM.Collect$$_printf_percent$$00000016)
    _printf_percent_end                      0x08000231   Thumb Code     0  _printf_percent_end.o(.ARM.Collect$$_printf_percent$$00000017)
    __rt_lib_init                            0x08000235   Thumb Code     0  libinit.o(.ARM.Collect$$libinit$$00000000)
    __rt_lib_init_fp_1                       0x08000237   Thumb Code     0  libinit2.o(.ARM.Collect$$libinit$$00000002)
    __rt_lib_init_heap_1                     0x08000237   Thumb Code     0  libinit2.o(.ARM.Collect$$libinit$$0000000A)
    __rt_lib_init_lc_common                  0x08000237   Thumb Code     0  libinit2.o(.ARM.Collect$$libinit$$0000000F)
    __rt_lib_init_preinit_1                  0x08000237   Thumb Code     0  libinit2.o(.ARM.Collect$$libinit$$00000004)
    __rt_lib_init_rand_1                     0x08000237   Thumb Code     0  libinit2.o(.ARM.Collect$$libinit$$0000000E)
    __rt_lib_init_user_alloc_1               0x08000237   Thumb Code     0  libinit2.o(.ARM.Collect$$libinit$$0000000C)
    __rt_lib_init_lc_collate_1               0x0800023d   Thumb Code     0  libinit2.o(.ARM.Collect$$libinit$$00000011)
    __rt_lib_init_lc_ctype_2                 0x0800023d   Thumb Code     0  libinit2.o(.ARM.Collect$$libinit$$00000012)
    __rt_lib_init_lc_ctype_1                 0x08000249   Thumb Code     0  libinit2.o(.ARM.Collect$$libinit$$00000013)
    __rt_lib_init_lc_monetary_1              0x08000249   Thumb Code     0  libinit2.o(.ARM.Collect$$libinit$$00000015)
    __rt_lib_init_lc_numeric_2               0x08000249   Thumb Code     0  libinit2.o(.ARM.Collect$$libinit$$00000016)
    __rt_lib_init_alloca_1                   0x08000253   Thumb Code     0  libinit2.o(.ARM.Collect$$libinit$$0000002E)
    __rt_lib_init_argv_1                     0x08000253   Thumb Code     0  libinit2.o(.ARM.Collect$$libinit$$0000002C)
    __rt_lib_init_atexit_1                   0x08000253   Thumb Code     0  libinit2.o(.ARM.Collect$$libinit$$0000001B)
    __rt_lib_init_clock_1                    0x08000253   Thumb Code     0  libinit2.o(.ARM.Collect$$libinit$$00000021)
    __rt_lib_init_cpp_1                      0x08000253   Thumb Code     0  libinit2.o(.ARM.Collect$$libinit$$00000032)
    __rt_lib_init_exceptions_1               0x08000253   Thumb Code     0  libinit2.o(.ARM.Collect$$libinit$$00000030)
    __rt_lib_init_fp_trap_1                  0x08000253   Thumb Code     0  libinit2.o(.ARM.Collect$$libinit$$0000001F)
    __rt_lib_init_getenv_1                   0x08000253   Thumb Code     0  libinit2.o(.ARM.Collect$$libinit$$00000023)
    __rt_lib_init_lc_numeric_1               0x08000253   Thumb Code     0  libinit2.o(.ARM.Collect$$libinit$$00000017)
    __rt_lib_init_lc_time_1                  0x08000253   Thumb Code     0  libinit2.o(.ARM.Collect$$libinit$$00000019)
    __rt_lib_init_return                     0x08000253   Thumb Code     0  libinit2.o(.ARM.Collect$$libinit$$00000033)
    __rt_lib_init_signal_1                   0x08000253   Thumb Code     0  libinit2.o(.ARM.Collect$$libinit$$0000001D)
    __rt_lib_init_stdio_1                    0x08000253   Thumb Code     0  libinit2.o(.ARM.Collect$$libinit$$00000025)
    __rt_lib_shutdown                        0x08000255   Thumb Code     0  libshutdown.o(.ARM.Collect$$libshutdown$$00000000)
    __rt_lib_shutdown_cpp_1                  0x08000257   Thumb Code     0  libshutdown2.o(.ARM.Collect$$libshutdown$$00000002)
    __rt_lib_shutdown_fp_trap_1              0x08000257   Thumb Code     0  libshutdown2.o(.ARM.Collect$$libshutdown$$00000007)
    __rt_lib_shutdown_heap_1                 0x08000257   Thumb Code     0  libshutdown2.o(.ARM.Collect$$libshutdown$$0000000F)
    __rt_lib_shutdown_return                 0x08000257   Thumb Code     0  libshutdown2.o(.ARM.Collect$$libshutdown$$00000010)
    __rt_lib_shutdown_signal_1               0x08000257   Thumb Code     0  libshutdown2.o(.ARM.Collect$$libshutdown$$0000000A)
    __rt_lib_shutdown_stdio_1                0x08000257   Thumb Code     0  libshutdown2.o(.ARM.Collect$$libshutdown$$00000004)
    __rt_lib_shutdown_user_alloc_1           0x08000257   Thumb Code     0  libshutdown2.o(.ARM.Collect$$libshutdown$$0000000C)
    __rt_entry                               0x08000259   Thumb Code     0  __rtentry.o(.ARM.Collect$$rtentry$$00000000)
    __rt_entry_presh_1                       0x08000259   Thumb Code     0  __rtentry2.o(.ARM.Collect$$rtentry$$00000002)
    __rt_entry_sh                            0x08000259   Thumb Code     0  __rtentry4.o(.ARM.Collect$$rtentry$$00000004)
    __rt_entry_li                            0x0800025f   Thumb Code     0  __rtentry2.o(.ARM.Collect$$rtentry$$0000000A)
    __rt_entry_postsh_1                      0x0800025f   Thumb Code     0  __rtentry2.o(.ARM.Collect$$rtentry$$00000009)
    __rt_entry_main                          0x08000263   Thumb Code     0  __rtentry2.o(.ARM.Collect$$rtentry$$0000000D)
    __rt_entry_postli_1                      0x08000263   Thumb Code     0  __rtentry2.o(.ARM.Collect$$rtentry$$0000000C)
    __rt_exit                                0x0800026b   Thumb Code     0  rtexit.o(.ARM.Collect$$rtexit$$00000000)
    __rt_exit_ls                             0x0800026d   Thumb Code     0  rtexit2.o(.ARM.Collect$$rtexit$$00000003)
    __rt_exit_prels_1                        0x0800026d   Thumb Code     0  rtexit2.o(.ARM.Collect$$rtexit$$00000002)
    __rt_exit_exit                           0x08000271   Thumb Code     0  rtexit2.o(.ARM.Collect$$rtexit$$00000004)
    Reset_Handler                            0x08000279   Thumb Code     8  startup_stm32f10x_hd.o(.text)
    ADC1_2_IRQHandler                        0x08000293   Thumb Code     0  startup_stm32f10x_hd.o(.text)
    ADC3_IRQHandler                          0x08000293   Thumb Code     0  startup_stm32f10x_hd.o(.text)
    CAN1_RX1_IRQHandler                      0x08000293   Thumb Code     0  startup_stm32f10x_hd.o(.text)
    CAN1_SCE_IRQHandler                      0x08000293   Thumb Code     0  startup_stm32f10x_hd.o(.text)
    DMA1_Channel1_IRQHandler                 0x08000293   Thumb Code     0  startup_stm32f10x_hd.o(.text)
    DMA1_Channel2_IRQHandler                 0x08000293   Thumb Code     0  startup_stm32f10x_hd.o(.text)
    DMA1_Channel3_IRQHandler                 0x08000293   Thumb Code     0  startup_stm32f10x_hd.o(.text)
    DMA1_Channel4_IRQHandler                 0x08000293   Thumb Code     0  startup_stm32f10x_hd.o(.text)
    DMA1_Channel5_IRQHandler                 0x08000293   Thumb Code     0  startup_stm32f10x_hd.o(.text)
    DMA1_Channel6_IRQHandler                 0x08000293   Thumb Code     0  startup_stm32f10x_hd.o(.text)
    DMA1_Channel7_IRQHandler                 0x08000293   Thumb Code     0  startup_stm32f10x_hd.o(.text)
    DMA2_Channel1_IRQHandler                 0x08000293   Thumb Code     0  startup_stm32f10x_hd.o(.text)
    DMA2_Channel2_IRQHandler                 0x08000293   Thumb Code     0  startup_stm32f10x_hd.o(.text)
    DMA2_Channel3_IRQHandler                 0x08000293   Thumb Code     0  startup_stm32f10x_hd.o(.text)
    DMA2_Channel4_5_IRQHandler               0x08000293   Thumb Code     0  startup_stm32f10x_hd.o(.text)
    EXTI0_IRQHandler                         0x08000293   Thumb Code     0  startup_stm32f10x_hd.o(.text)
    EXTI15_10_IRQHandler                     0x08000293   Thumb Code     0  startup_stm32f10x_hd.o(.text)
    EXTI1_IRQHandler                         0x08000293   Thumb Code     0  startup_stm32f10x_hd.o(.text)
    EXTI2_IRQHandler                         0x08000293   Thumb Code     0  startup_stm32f10x_hd.o(.text)
    EXTI3_IRQHandler                         0x08000293   Thumb Code     0  startup_stm32f10x_hd.o(.text)
    EXTI4_IRQHandler                         0x08000293   Thumb Code     0  startup_stm32f10x_hd.o(.text)
    EXTI9_5_IRQHandler                       0x08000293   Thumb Code     0  startup_stm32f10x_hd.o(.text)
    FLASH_IRQHandler                         0x08000293   Thumb Code     0  startup_stm32f10x_hd.o(.text)
    FSMC_IRQHandler                          0x08000293   Thumb Code     0  startup_stm32f10x_hd.o(.text)
    I2C1_ER_IRQHandler                       0x08000293   Thumb Code     0  startup_stm32f10x_hd.o(.text)
    I2C1_EV_IRQHandler                       0x08000293   Thumb Code     0  startup_stm32f10x_hd.o(.text)
    I2C2_ER_IRQHandler                       0x08000293   Thumb Code     0  startup_stm32f10x_hd.o(.text)
    I2C2_EV_IRQHandler                       0x08000293   Thumb Code     0  startup_stm32f10x_hd.o(.text)
    PVD_IRQHandler                           0x08000293   Thumb Code     0  startup_stm32f10x_hd.o(.text)
    RCC_IRQHandler                           0x08000293   Thumb Code     0  startup_stm32f10x_hd.o(.text)
    RTCAlarm_IRQHandler                      0x08000293   Thumb Code     0  startup_stm32f10x_hd.o(.text)
    RTC_IRQHandler                           0x08000293   Thumb Code     0  startup_stm32f10x_hd.o(.text)
    SDIO_IRQHandler                          0x08000293   Thumb Code     0  startup_stm32f10x_hd.o(.text)
    SPI1_IRQHandler                          0x08000293   Thumb Code     0  startup_stm32f10x_hd.o(.text)
    SPI2_IRQHandler                          0x08000293   Thumb Code     0  startup_stm32f10x_hd.o(.text)
    SPI3_IRQHandler                          0x08000293   Thumb Code     0  startup_stm32f10x_hd.o(.text)
    TAMPER_IRQHandler                        0x08000293   Thumb Code     0  startup_stm32f10x_hd.o(.text)
    TIM1_BRK_IRQHandler                      0x08000293   Thumb Code     0  startup_stm32f10x_hd.o(.text)
    TIM1_CC_IRQHandler                       0x08000293   Thumb Code     0  startup_stm32f10x_hd.o(.text)
    TIM1_TRG_COM_IRQHandler                  0x08000293   Thumb Code     0  startup_stm32f10x_hd.o(.text)
    TIM1_UP_IRQHandler                       0x08000293   Thumb Code     0  startup_stm32f10x_hd.o(.text)
    TIM2_IRQHandler                          0x08000293   Thumb Code     0  startup_stm32f10x_hd.o(.text)
    TIM3_IRQHandler                          0x08000293   Thumb Code     0  startup_stm32f10x_hd.o(.text)
    TIM4_IRQHandler                          0x08000293   Thumb Code     0  startup_stm32f10x_hd.o(.text)
    TIM5_IRQHandler                          0x08000293   Thumb Code     0  startup_stm32f10x_hd.o(.text)
    TIM6_IRQHandler                          0x08000293   Thumb Code     0  startup_stm32f10x_hd.o(.text)
    TIM7_IRQHandler                          0x08000293   Thumb Code     0  startup_stm32f10x_hd.o(.text)
    TIM8_BRK_IRQHandler                      0x08000293   Thumb Code     0  startup_stm32f10x_hd.o(.text)
    TIM8_CC_IRQHandler                       0x08000293   Thumb Code     0  startup_stm32f10x_hd.o(.text)
    TIM8_TRG_COM_IRQHandler                  0x08000293   Thumb Code     0  startup_stm32f10x_hd.o(.text)
    TIM8_UP_IRQHandler                       0x08000293   Thumb Code     0  startup_stm32f10x_hd.o(.text)
    UART4_IRQHandler                         0x08000293   Thumb Code     0  startup_stm32f10x_hd.o(.text)
    UART5_IRQHandler                         0x08000293   Thumb Code     0  startup_stm32f10x_hd.o(.text)
    USART1_IRQHandler                        0x08000293   Thumb Code     0  startup_stm32f10x_hd.o(.text)
    USART2_IRQHandler                        0x08000293   Thumb Code     0  startup_stm32f10x_hd.o(.text)
    USART3_IRQHandler                        0x08000293   Thumb Code     0  startup_stm32f10x_hd.o(.text)
    USBWakeUp_IRQHandler                     0x08000293   Thumb Code     0  startup_stm32f10x_hd.o(.text)
    USB_HP_CAN1_TX_IRQHandler                0x08000293   Thumb Code     0  startup_stm32f10x_hd.o(.text)
    USB_LP_CAN1_RX0_IRQHandler               0x08000293   Thumb Code     0  startup_stm32f10x_hd.o(.text)
    WWDG_IRQHandler                          0x08000293   Thumb Code     0  startup_stm32f10x_hd.o(.text)
    __user_initial_stackheap                 0x08000295   Thumb Code     0  startup_stm32f10x_hd.o(.text)
    OS_CPU_SR_Save                           0x080002b9   Thumb Code     0  os_cpu_a.o(.text)
    OS_CPU_SR_Restore                        0x080002c1   Thumb Code     0  os_cpu_a.o(.text)
    OSStartHighRdy                           0x080002c7   Thumb Code     0  os_cpu_a.o(.text)
    OSCtxSw                                  0x080002e9   Thumb Code     0  os_cpu_a.o(.text)
    OSIntCtxSw                               0x080002f7   Thumb Code     0  os_cpu_a.o(.text)
    PendSV_Handler                           0x08000307   Thumb Code     0  os_cpu_a.o(.text)
    __c89vsprintf                            0x0800036d   Thumb Code    32  c89vsprintf.o(.text)
    __use_two_region_memory                  0x08000391   Thumb Code     2  heapauxi.o(.text)
    __rt_heap_escrow$2region                 0x08000393   Thumb Code     2  heapauxi.o(.text)
    __rt_heap_expand$2region                 0x08000395   Thumb Code     2  heapauxi.o(.text)
    _printf_pre_padding                      0x08000397   Thumb Code    44  _printf_pad.o(.text)
    _printf_post_padding                     0x080003c3   Thumb Code    34  _printf_pad.o(.text)
    _printf_truncate_signed                  0x080003e5   Thumb Code    18  _printf_truncate.o(.text)
    _printf_truncate_unsigned                0x080003f7   Thumb Code    18  _printf_truncate.o(.text)
    _printf_str                              0x08000409   Thumb Code    82  _printf_str.o(.text)
    _printf_int_dec                          0x0800045d   Thumb Code   104  _printf_dec.o(.text)
    _printf_charcount                        0x080004d5   Thumb Code    40  _printf_charcount.o(.text)
    _printf_char_common                      0x08000507   Thumb Code    32  _printf_char_common.o(.text)
    _sputc                                   0x0800052d   Thumb Code    10  _sputc.o(.text)
    _printf_wctomb                           0x08000539   Thumb Code   182  _printf_wctomb.o(.text)
    _printf_longlong_dec                     0x080005f5   Thumb Code   108  _printf_longlong_dec.o(.text)
    _printf_longlong_oct                     0x08000671   Thumb Code    68  _printf_oct_int_ll.o(.text)
    _printf_int_oct                          0x080006b5   Thumb Code    24  _printf_oct_int_ll.o(.text)
    _printf_ll_oct                           0x080006cd   Thumb Code    12  _printf_oct_int_ll.o(.text)
    _printf_longlong_hex                     0x080006e1   Thumb Code    86  _printf_hex_int_ll_ptr.o(.text)
    _printf_int_hex                          0x08000737   Thumb Code    28  _printf_hex_int_ll_ptr.o(.text)
    _printf_ll_hex                           0x08000753   Thumb Code    12  _printf_hex_int_ll_ptr.o(.text)
    _printf_hex_ptr                          0x0800075f   Thumb Code    18  _printf_hex_int_ll_ptr.o(.text)
    __printf                                 0x08000775   Thumb Code   388  __printf_flags_ss_wp.o(.text)
    _ll_udiv10                               0x080008fd   Thumb Code   138  lludiv10.o(.text)
    _printf_int_common                       0x08000987   Thumb Code   178  _printf_intcommon.o(.text)
    __lib_sel_fp_printf                      0x08000a39   Thumb Code     2  _printf_fp_dec.o(.text)
    _printf_fp_dec_real                      0x08000be7   Thumb Code   620  _printf_fp_dec.o(.text)
    _printf_cs_common                        0x08000e53   Thumb Code    20  _printf_char.o(.text)
    _printf_char                             0x08000e67   Thumb Code    16  _printf_char.o(.text)
    _printf_string                           0x08000e77   Thumb Code     8  _printf_char.o(.text)
    _printf_lcs_common                       0x08000e7f   Thumb Code    20  _printf_wchar.o(.text)
    _printf_wchar                            0x08000e93   Thumb Code    16  _printf_wchar.o(.text)
    _printf_wstring                          0x08000ea3   Thumb Code     8  _printf_wchar.o(.text)
    _wcrtomb                                 0x08000eab   Thumb Code    64  _wcrtomb.o(.text)
    __user_setup_stackheap                   0x08000eeb   Thumb Code    74  sys_stackheap_outer.o(.text)
    __rt_ctype_table                         0x08000f35   Thumb Code    16  rt_ctype_table.o(.text)
    __rt_locale                              0x08000f45   Thumb Code     8  rt_locale_intlibspace.o(.text)
    _printf_fp_infnan                        0x08000f4d   Thumb Code   112  _printf_fp_infnan.o(.text)
    _btod_etento                             0x08000fcd   Thumb Code   216  bigflt0.o(.text)
    exit                                     0x080010a9   Thumb Code    18  exit.o(.text)
    __user_libspace                          0x080010bd   Thumb Code     8  libspace.o(.text)
    __user_perproc_libspace                  0x080010bd   Thumb Code     0  libspace.o(.text)
    __user_perthread_libspace                0x080010bd   Thumb Code     0  libspace.o(.text)
    strcmp                                   0x080010c5   Thumb Code   128  strcmpv7m.o(.text)
    _sys_exit                                0x08001145   Thumb Code     8  sys_exit.o(.text)
    __I$use$semihosting                      0x08001151   Thumb Code     0  use_no_semi.o(.text)
    __use_no_semihosting_swi                 0x08001151   Thumb Code     2  use_no_semi.o(.text)
    __semihosting_library_function           0x08001153   Thumb Code     0  indicate_semi.o(.text)
    _btod_d2e                                0x08001153   Thumb Code    62  btod.o(CL$$btod_d2e)
    _d2e_denorm_low                          0x08001191   Thumb Code    70  btod.o(CL$$btod_d2e_denorm_low)
    _d2e_norm_op1                            0x080011d7   Thumb Code    96  btod.o(CL$$btod_d2e_norm_op1)
    __btod_div_common                        0x08001237   Thumb Code   696  btod.o(CL$$btod_div_common)
    _e2e                                     0x0800156f   Thumb Code   198  btod.o(CL$$btod_e2e)
    _btod_ediv                               0x08001635   Thumb Code    40  btod.o(CL$$btod_ediv)
    _btod_emul                               0x0800165d   Thumb Code    40  btod.o(CL$$btod_emul)
    __btod_mult_common                       0x08001685   Thumb Code   580  btod.o(CL$$btod_mult_common)
    BusFault_Handler                         0x080018c9   Thumb Code     4  stm32f10x_it.o(i.BusFault_Handler)
    DebugMon_Handler                         0x080018cd   Thumb Code     2  stm32f10x_it.o(i.DebugMon_Handler)
    Debug_USART_Config                       0x080018f5   Thumb Code   136  usart.o(i.Debug_USART_Config)
    GPIO_Init                                0x08001985   Thumb Code   278  stm32f10x_gpio.o(i.GPIO_Init)
    GPIO_ReadInputDataBit                    0x08001a9b   Thumb Code    18  stm32f10x_gpio.o(i.GPIO_ReadInputDataBit)
    GPIO_SetBits                             0x08001aad   Thumb Code     4  stm32f10x_gpio.o(i.GPIO_SetBits)
    Gui_DrawFont_GBK16                       0x08001ab1   Thumb Code   394  gui.o(i.Gui_DrawFont_GBK16)
    Gui_DrawPoint                            0x08001c45   Thumb Code    32  lcd_driver.o(i.Gui_DrawPoint)
    HardFault_Handler                        0x08001c65   Thumb Code     4  stm32f10x_it.o(i.HardFault_Handler)
    KEY_Init                                 0x08001c69   Thumb Code    32  key.o(i.KEY_Init)
    KEY_Scan                                 0x08001c8d   Thumb Code    74  key.o(i.KEY_Scan)
    LCD_GPIO_Init                            0x08001ce1   Thumb Code    76  lcd_driver.o(i.LCD_GPIO_Init)
    LCD_WriteData_16Bit                      0x08001d35   Thumb Code    42  lcd_driver.o(i.LCD_WriteData_16Bit)
    LED_Init                                 0x08001d69   Thumb Code    50  led.o(i.LED_Init)
    Lcd_Clear                                0x08001da1   Thumb Code    50  lcd_driver.o(i.Lcd_Clear)
    Lcd_Init                                 0x08001dd3   Thumb Code   546  lcd_driver.o(i.Lcd_Init)
    Lcd_Reset                                0x08001ff5   Thumb Code    16  lcd_driver.o(i.Lcd_Reset)
    Lcd_SetRegion                            0x08002005   Thumb Code    86  lcd_driver.o(i.Lcd_SetRegion)
    Lcd_WriteData                            0x0800205d   Thumb Code    36  lcd_driver.o(i.Lcd_WriteData)
    Lcd_WriteIndex                           0x08002089   Thumb Code    36  lcd_driver.o(i.Lcd_WriteIndex)
    MemManage_Handler                        0x080020b5   Thumb Code     4  stm32f10x_it.o(i.MemManage_Handler)
    NMI_Handler                              0x080020b9   Thumb Code     2  stm32f10x_it.o(i.NMI_Handler)
    NVIC_Configuration                       0x080020bb   Thumb Code    12  sys.o(i.NVIC_Configuration)
    NVIC_Init                                0x080020c9   Thumb Code   100  misc.o(i.NVIC_Init)
    NVIC_PriorityGroupConfig                 0x08002139   Thumb Code    10  misc.o(i.NVIC_PriorityGroupConfig)
    OSInit                                   0x0800214d   Thumb Code    44  os_core.o(i.OSInit)
    OSInitHookBegin                          0x08002179   Thumb Code     2  os_cpu_c.o(i.OSInitHookBegin)
    OSInitHookEnd                            0x0800217b   Thumb Code     2  os_cpu_c.o(i.OSInitHookEnd)
    OSIntEnter                               0x0800217d   Thumb Code    28  os_core.o(i.OSIntEnter)
    OSIntExit                                0x080021a1   Thumb Code   112  os_core.o(i.OSIntExit)
    OSStart                                  0x08002231   Thumb Code    48  os_core.o(i.OSStart)
    OSStatInit                               0x08002279   Thumb Code    62  os_core.o(i.OSStatInit)
    OSTCBInitHook                            0x080022c5   Thumb Code     2  os_cpu_c.o(i.OSTCBInitHook)
    OSTaskCreate                             0x080022c9   Thumb Code   148  os_task.o(i.OSTaskCreate)
    OSTaskCreateExt                          0x08002369   Thumb Code   170  os_task.o(i.OSTaskCreateExt)
    OSTaskCreateHook                         0x08002421   Thumb Code     2  os_cpu_c.o(i.OSTaskCreateHook)
    OSTaskIdleHook                           0x08002423   Thumb Code     2  os_cpu_c.o(i.OSTaskIdleHook)
    OSTaskNameSet                            0x08002425   Thumb Code    98  os_task.o(i.OSTaskNameSet)
    OSTaskResume                             0x08002495   Thumb Code   154  os_task.o(i.OSTaskResume)
    OSTaskStatHook                           0x08002541   Thumb Code     2  os_cpu_c.o(i.OSTaskStatHook)
    OSTaskStkChk                             0x08002545   Thumb Code   132  os_task.o(i.OSTaskStkChk)
    OSTaskStkInit                            0x080025d1   Thumb Code   154  os_cpu_c.o(i.OSTaskStkInit)
    OSTaskSuspend                            0x0800266d   Thumb Code   152  os_task.o(i.OSTaskSuspend)
    OSTaskSwHook                             0x08002715   Thumb Code     2  os_cpu_c.o(i.OSTaskSwHook)
    OSTimeDly                                0x08002719   Thumb Code   100  os_time.o(i.OSTimeDly)
    OSTimeTick                               0x08002791   Thumb Code   210  os_core.o(i.OSTimeTick)
    OSTimeTickHook                           0x0800287d   Thumb Code     2  os_cpu_c.o(i.OSTimeTickHook)
    OS_FlagInit                              0x08002881   Thumb Code    74  os_flag.o(i.OS_FlagInit)
    OS_MemClr                                0x08002ae5   Thumb Code    18  os_core.o(i.OS_MemClr)
    OS_QInit                                 0x08002af9   Thumb Code    72  os_q.o(i.OS_QInit)
    OS_Sched                                 0x08002b49   Thumb Code    88  os_core.o(i.OS_Sched)
    OS_TCBInit                               0x08002be9   Thumb Code   278  os_core.o(i.OS_TCBInit)
    OS_TaskIdle                              0x08002d1d   Thumb Code    34  os_core.o(i.OS_TaskIdle)
    OS_TaskStat                              0x08002d45   Thumb Code   116  os_core.o(i.OS_TaskStat)
    OS_TaskStatStkChk                        0x08002dcd   Thumb Code    54  os_core.o(i.OS_TaskStatStkChk)
    OS_TaskStkClr                            0x08002e09   Thumb Code    26  os_task.o(i.OS_TaskStkClr)
    RCC_APB1PeriphClockCmd                   0x08002e25   Thumb Code    26  stm32f10x_rcc.o(i.RCC_APB1PeriphClockCmd)
    RCC_APB2PeriphClockCmd                   0x08002e45   Thumb Code    26  stm32f10x_rcc.o(i.RCC_APB2PeriphClockCmd)
    RCC_GetClocksFreq                        0x08002e65   Thumb Code   192  stm32f10x_rcc.o(i.RCC_GetClocksFreq)
    SPI_WriteData                            0x08002f39   Thumb Code    60  lcd_driver.o(i.SPI_WriteData)
    SVC_Handler                              0x08002f79   Thumb Code     2  stm32f10x_it.o(i.SVC_Handler)
    SysTick_CLKSourceConfig                  0x08003065   Thumb Code    40  misc.o(i.SysTick_CLKSourceConfig)
    SysTick_Handler                          0x0800308d   Thumb Code    16  delay.o(i.SysTick_Handler)
    SystemInit                               0x0800309d   Thumb Code    78  system_stm32f10x.o(i.SystemInit)
    USART_Cmd                                0x080030fd   Thumb Code    24  stm32f10x_usart.o(i.USART_Cmd)
    USART_GetFlagStatus                      0x08003115   Thumb Code    26  stm32f10x_usart.o(i.USART_GetFlagStatus)
    USART_ITConfig                           0x0800312f   Thumb Code    74  stm32f10x_usart.o(i.USART_ITConfig)
    USART_Init                               0x08003179   Thumb Code   210  stm32f10x_usart.o(i.USART_Init)
    USART_SendData                           0x08003251   Thumb Code     8  stm32f10x_usart.o(i.USART_SendData)
    UsageFault_Handler                       0x08003259   Thumb Code     4  stm32f10x_it.o(i.UsageFault_Handler)
    UsartPrintf                              0x0800325d   Thumb Code    68  usart.o(i.UsartPrintf)
    __ARM_fpclassify                         0x080032a1   Thumb Code    40  fpclassify.o(i.__ARM_fpclassify)
    _is_digit                                0x080032c9   Thumb Code    14  __printf_wp.o(i._is_digit)
    delay_init                               0x080032d9   Thumb Code    76  delay.o(i.delay_init)
    delay_ms                                 0x08003335   Thumb Code    62  delay.o(i.delay_ms)
    delay_us                                 0x0800337d   Thumb Code    70  delay.o(i.delay_us)
    key_task                                 0x080033c9   Thumb Code   146  main.o(i.key_task)
    led_task                                 0x080034c9   Thumb Code    18  main.o(i.led_task)
    main                                     0x080034e1   Thumb Code    74  main.o(i.main)
    start_task                               0x08003571   Thumb Code    56  main.o(i.start_task)
    _get_lc_numeric                          0x080035b9   Thumb Code    44  lc_numeric_c.o(locale$$code)
    _get_lc_ctype                            0x080035e5   Thumb Code    44  lc_ctype_c.o(locale$$code)
    _printf_fp_dec                           0x08003611   Thumb Code     4  printf1.o(x$fpl$printf1)
    __I$use$fp                               0x08003614   Number         0  usenofp.o(x$fpl$usenofp)
    asc16                                    0x08003614   Data        1521  gui.o(.constdata)
    sz32                                     0x08003c05   Data        1921  gui.o(.constdata)
    hz16                                     0x08004386   Data         238  gui.o(.constdata)
    hz24                                     0x08004474   Data          74  gui.o(.constdata)
    OSUnMapTbl                               0x080044be   Data         256  os_core.o(.constdata)
    Region$$Table$$Base                      0x08004698   Number         0  anon$$obj.o(Region$$Table)
    Region$$Table$$Limit                     0x080046b8   Number         0  anon$$obj.o(Region$$Table)
    __ctype                                  0x080046e1   Data           0  lc_ctype_c.o(locale$$data)
    SystemCoreClock                          0x20000000   Data           4  system_stm32f10x.o(.data)
    AHBPrescTable                            0x20000004   Data          16  system_stm32f10x.o(.data)
    OSCtxSwCtr                               0x20000030   Data           4  os_core.o(.data)
    OSEventFreeList                          0x20000034   Data           4  os_core.o(.data)
    OSFlagFreeList                           0x20000038   Data           4  os_core.o(.data)
    OSCPUUsage                               0x2000003c   Data           1  os_core.o(.data)
    OSIdleCtrMax                             0x20000040   Data           4  os_core.o(.data)
    OSIdleCtrRun                             0x20000044   Data           4  os_core.o(.data)
    OSStatRdy                                0x20000048   Data           1  os_core.o(.data)
    OSIntNesting                             0x20000049   Data           1  os_core.o(.data)
    OSLockNesting                            0x2000004a   Data           1  os_core.o(.data)
    OSPrioCur                                0x2000004b   Data           1  os_core.o(.data)
    OSPrioHighRdy                            0x2000004c   Data           1  os_core.o(.data)
    OSRdyGrp                                 0x2000004d   Data           1  os_core.o(.data)
    OSRdyTbl                                 0x2000004e   Data           8  os_core.o(.data)
    OSRunning                                0x20000056   Data           1  os_core.o(.data)
    OSTaskCtr                                0x20000057   Data           1  os_core.o(.data)
    OSIdleCtr                                0x20000058   Data           4  os_core.o(.data)
    OSTCBCur                                 0x2000005c   Data           4  os_core.o(.data)
    OSTCBFreeList                            0x20000060   Data           4  os_core.o(.data)
    OSTCBHighRdy                             0x20000064   Data           4  os_core.o(.data)
    OSTCBList                                0x20000068   Data           4  os_core.o(.data)
    OSTickStepState                          0x2000006c   Data           1  os_core.o(.data)
    OSQFreeList                              0x20000070   Data           4  os_core.o(.data)
    OSTime                                   0x20000074   Data           4  os_core.o(.data)
    START_TASK_STK                           0x20000078   Data         256  main.o(.bss)
    LED_TASK_STK                             0x20000178   Data         256  main.o(.bss)
    BEEP_TASK_STK                            0x20000278   Data         256  main.o(.bss)
    KEY_TASK_STK                             0x20000378   Data         256  main.o(.bss)
    OSEventTbl                               0x20000478   Data         200  os_core.o(.bss)
    OSFlagTbl                                0x20000540   Data          80  os_core.o(.bss)
    OSTaskStatStk                            0x20000590   Data         512  os_core.o(.bss)
    OSTaskIdleStk                            0x20000790   Data         512  os_core.o(.bss)
    OSTCBPrioTbl                             0x20000990   Data         256  os_core.o(.bss)
    OSTCBTbl                                 0x20000a90   Data        1008  os_core.o(.bss)
    OSQTbl                                   0x20000e80   Data         120  os_core.o(.bss)
    __libspace_start                         0x20000ef8   Data          96  libspace.o(.bss)
    __temporary_stack_top$libspace           0x20000f58   Data           0  libspace.o(.bss)



==============================================================================

Memory Map of the image

  Image Entry point : 0x08000131

  Load Region LR_IROM1 (Base: 0x08000000, Size: 0x0000485c, Max: 0x00040000, ABSOLUTE)

    Execution Region ER_IROM1 (Base: 0x08000000, Size: 0x000047e4, Max: 0x00040000, ABSOLUTE)

    Base Addr    Size         Type   Attr      Idx    E Section Name        Object

    0x08000000   0x00000130   Data   RO          545    RESET               startup_stm32f10x_hd.o
    0x08000130   0x00000008   Code   RO         2078  * !!!main             c_w.l(__main.o)
    0x08000138   0x00000034   Code   RO         2390    !!!scatter          c_w.l(__scatter.o)
    0x0800016c   0x0000001a   Code   RO         2392    !!handler_copy      c_w.l(__scatter_copy.o)
    0x08000186   0x00000002   PAD
    0x08000188   0x0000001c   Code   RO         2394    !!handler_zi        c_w.l(__scatter_zi.o)
    0x080001a4   0x00000000   Code   RO         2162    .ARM.Collect$$_printf_percent$$00000000  c_w.l(_printf_percent.o)
    0x080001a4   0x00000006   Code   RO         2151    .ARM.Collect$$_printf_percent$$00000001  c_w.l(_printf_n.o)
    0x080001aa   0x00000006   Code   RO         2153    .ARM.Collect$$_printf_percent$$00000002  c_w.l(_printf_p.o)
    0x080001b0   0x00000006   Code   RO         2158    .ARM.Collect$$_printf_percent$$00000003  c_w.l(_printf_f.o)
    0x080001b6   0x00000006   Code   RO         2159    .ARM.Collect$$_printf_percent$$00000004  c_w.l(_printf_e.o)
    0x080001bc   0x00000006   Code   RO         2160    .ARM.Collect$$_printf_percent$$00000005  c_w.l(_printf_g.o)
    0x080001c2   0x00000006   Code   RO         2161    .ARM.Collect$$_printf_percent$$00000006  c_w.l(_printf_a.o)
    0x080001c8   0x0000000a   Code   RO         2166    .ARM.Collect$$_printf_percent$$00000007  c_w.l(_printf_ll.o)
    0x080001d2   0x00000006   Code   RO         2155    .ARM.Collect$$_printf_percent$$00000008  c_w.l(_printf_i.o)
    0x080001d8   0x00000006   Code   RO         2156    .ARM.Collect$$_printf_percent$$00000009  c_w.l(_printf_d.o)
    0x080001de   0x00000006   Code   RO         2157    .ARM.Collect$$_printf_percent$$0000000A  c_w.l(_printf_u.o)
    0x080001e4   0x00000006   Code   RO         2154    .ARM.Collect$$_printf_percent$$0000000B  c_w.l(_printf_o.o)
    0x080001ea   0x00000006   Code   RO         2152    .ARM.Collect$$_printf_percent$$0000000C  c_w.l(_printf_x.o)
    0x080001f0   0x00000006   Code   RO         2163    .ARM.Collect$$_printf_percent$$0000000D  c_w.l(_printf_lli.o)
    0x080001f6   0x00000006   Code   RO         2164    .ARM.Collect$$_printf_percent$$0000000E  c_w.l(_printf_lld.o)
    0x080001fc   0x00000006   Code   RO         2165    .ARM.Collect$$_printf_percent$$0000000F  c_w.l(_printf_llu.o)
    0x08000202   0x00000006   Code   RO         2170    .ARM.Collect$$_printf_percent$$00000010  c_w.l(_printf_llo.o)
    0x08000208   0x00000006   Code   RO         2171    .ARM.Collect$$_printf_percent$$00000011  c_w.l(_printf_llx.o)
    0x0800020e   0x0000000a   Code   RO         2167    .ARM.Collect$$_printf_percent$$00000012  c_w.l(_printf_l.o)
    0x08000218   0x00000006   Code   RO         2149    .ARM.Collect$$_printf_percent$$00000013  c_w.l(_printf_c.o)
    0x0800021e   0x00000006   Code   RO         2150    .ARM.Collect$$_printf_percent$$00000014  c_w.l(_printf_s.o)
    0x08000224   0x00000006   Code   RO         2168    .ARM.Collect$$_printf_percent$$00000015  c_w.l(_printf_lc.o)
    0x0800022a   0x00000006   Code   RO         2169    .ARM.Collect$$_printf_percent$$00000016  c_w.l(_printf_ls.o)
    0x08000230   0x00000004   Code   RO         2201    .ARM.Collect$$_printf_percent$$00000017  c_w.l(_printf_percent_end.o)
    0x08000234   0x00000002   Code   RO         2250    .ARM.Collect$$libinit$$00000000  c_w.l(libinit.o)
    0x08000236   0x00000000   Code   RO         2267    .ARM.Collect$$libinit$$00000002  c_w.l(libinit2.o)
    0x08000236   0x00000000   Code   RO         2269    .ARM.Collect$$libinit$$00000004  c_w.l(libinit2.o)
    0x08000236   0x00000000   Code   RO         2272    .ARM.Collect$$libinit$$0000000A  c_w.l(libinit2.o)
    0x08000236   0x00000000   Code   RO         2274    .ARM.Collect$$libinit$$0000000C  c_w.l(libinit2.o)
    0x08000236   0x00000000   Code   RO         2276    .ARM.Collect$$libinit$$0000000E  c_w.l(libinit2.o)
    0x08000236   0x00000006   Code   RO         2277    .ARM.Collect$$libinit$$0000000F  c_w.l(libinit2.o)
    0x0800023c   0x00000000   Code   RO         2279    .ARM.Collect$$libinit$$00000011  c_w.l(libinit2.o)
    0x0800023c   0x0000000c   Code   RO         2280    .ARM.Collect$$libinit$$00000012  c_w.l(libinit2.o)
    0x08000248   0x00000000   Code   RO         2281    .ARM.Collect$$libinit$$00000013  c_w.l(libinit2.o)
    0x08000248   0x00000000   Code   RO         2283    .ARM.Collect$$libinit$$00000015  c_w.l(libinit2.o)
    0x08000248   0x0000000a   Code   RO         2284    .ARM.Collect$$libinit$$00000016  c_w.l(libinit2.o)
    0x08000252   0x00000000   Code   RO         2285    .ARM.Collect$$libinit$$00000017  c_w.l(libinit2.o)
    0x08000252   0x00000000   Code   RO         2287    .ARM.Collect$$libinit$$00000019  c_w.l(libinit2.o)
    0x08000252   0x00000000   Code   RO         2289    .ARM.Collect$$libinit$$0000001B  c_w.l(libinit2.o)
    0x08000252   0x00000000   Code   RO         2291    .ARM.Collect$$libinit$$0000001D  c_w.l(libinit2.o)
    0x08000252   0x00000000   Code   RO         2293    .ARM.Collect$$libinit$$0000001F  c_w.l(libinit2.o)
    0x08000252   0x00000000   Code   RO         2295    .ARM.Collect$$libinit$$00000021  c_w.l(libinit2.o)
    0x08000252   0x00000000   Code   RO         2297    .ARM.Collect$$libinit$$00000023  c_w.l(libinit2.o)
    0x08000252   0x00000000   Code   RO         2299    .ARM.Collect$$libinit$$00000025  c_w.l(libinit2.o)
    0x08000252   0x00000000   Code   RO         2303    .ARM.Collect$$libinit$$0000002C  c_w.l(libinit2.o)
    0x08000252   0x00000000   Code   RO         2305    .ARM.Collect$$libinit$$0000002E  c_w.l(libinit2.o)
    0x08000252   0x00000000   Code   RO         2307    .ARM.Collect$$libinit$$00000030  c_w.l(libinit2.o)
    0x08000252   0x00000000   Code   RO         2309    .ARM.Collect$$libinit$$00000032  c_w.l(libinit2.o)
    0x08000252   0x00000002   Code   RO         2310    .ARM.Collect$$libinit$$00000033  c_w.l(libinit2.o)
    0x08000254   0x00000002   Code   RO         2330    .ARM.Collect$$libshutdown$$00000000  c_w.l(libshutdown.o)
    0x08000256   0x00000000   Code   RO         2343    .ARM.Collect$$libshutdown$$00000002  c_w.l(libshutdown2.o)
    0x08000256   0x00000000   Code   RO         2345    .ARM.Collect$$libshutdown$$00000004  c_w.l(libshutdown2.o)
    0x08000256   0x00000000   Code   RO         2348    .ARM.Collect$$libshutdown$$00000007  c_w.l(libshutdown2.o)
    0x08000256   0x00000000   Code   RO         2351    .ARM.Collect$$libshutdown$$0000000A  c_w.l(libshutdown2.o)
    0x08000256   0x00000000   Code   RO         2353    .ARM.Collect$$libshutdown$$0000000C  c_w.l(libshutdown2.o)
    0x08000256   0x00000000   Code   RO         2356    .ARM.Collect$$libshutdown$$0000000F  c_w.l(libshutdown2.o)
    0x08000256   0x00000002   Code   RO         2357    .ARM.Collect$$libshutdown$$00000010  c_w.l(libshutdown2.o)
    0x08000258   0x00000000   Code   RO         2080    .ARM.Collect$$rtentry$$00000000  c_w.l(__rtentry.o)
    0x08000258   0x00000000   Code   RO         2175    .ARM.Collect$$rtentry$$00000002  c_w.l(__rtentry2.o)
    0x08000258   0x00000006   Code   RO         2187    .ARM.Collect$$rtentry$$00000004  c_w.l(__rtentry4.o)
    0x0800025e   0x00000000   Code   RO         2177    .ARM.Collect$$rtentry$$00000009  c_w.l(__rtentry2.o)
    0x0800025e   0x00000004   Code   RO         2178    .ARM.Collect$$rtentry$$0000000A  c_w.l(__rtentry2.o)
    0x08000262   0x00000000   Code   RO         2180    .ARM.Collect$$rtentry$$0000000C  c_w.l(__rtentry2.o)
    0x08000262   0x00000008   Code   RO         2181    .ARM.Collect$$rtentry$$0000000D  c_w.l(__rtentry2.o)
    0x0800026a   0x00000002   Code   RO         2259    .ARM.Collect$$rtexit$$00000000  c_w.l(rtexit.o)
    0x0800026c   0x00000000   Code   RO         2312    .ARM.Collect$$rtexit$$00000002  c_w.l(rtexit2.o)
    0x0800026c   0x00000004   Code   RO         2313    .ARM.Collect$$rtexit$$00000003  c_w.l(rtexit2.o)
    0x08000270   0x00000006   Code   RO         2314    .ARM.Collect$$rtexit$$00000004  c_w.l(rtexit2.o)
    0x08000276   0x00000002   PAD
    0x08000278   0x00000040   Code   RO          546    .text               startup_stm32f10x_hd.o
    0x080002b8   0x000000b4   Code   RO         1978    .text               os_cpu_a.o
    0x0800036c   0x00000024   Code   RO         2074    .text               c_w.l(c89vsprintf.o)
    0x08000390   0x00000006   Code   RO         2076    .text               c_w.l(heapauxi.o)
    0x08000396   0x0000004e   Code   RO         2083    .text               c_w.l(_printf_pad.o)
    0x080003e4   0x00000024   Code   RO         2085    .text               c_w.l(_printf_truncate.o)
    0x08000408   0x00000052   Code   RO         2087    .text               c_w.l(_printf_str.o)
    0x0800045a   0x00000002   PAD
    0x0800045c   0x00000078   Code   RO         2089    .text               c_w.l(_printf_dec.o)
    0x080004d4   0x00000028   Code   RO         2091    .text               c_w.l(_printf_charcount.o)
    0x080004fc   0x00000030   Code   RO         2093    .text               c_w.l(_printf_char_common.o)
    0x0800052c   0x0000000a   Code   RO         2095    .text               c_w.l(_sputc.o)
    0x08000536   0x00000002   PAD
    0x08000538   0x000000bc   Code   RO         2097    .text               c_w.l(_printf_wctomb.o)
    0x080005f4   0x0000007c   Code   RO         2100    .text               c_w.l(_printf_longlong_dec.o)
    0x08000670   0x00000070   Code   RO         2106    .text               c_w.l(_printf_oct_int_ll.o)
    0x080006e0   0x00000094   Code   RO         2126    .text               c_w.l(_printf_hex_int_ll_ptr.o)
    0x08000774   0x00000188   Code   RO         2146    .text               c_w.l(__printf_flags_ss_wp.o)
    0x080008fc   0x0000008a   Code   RO         2189    .text               c_w.l(lludiv10.o)
    0x08000986   0x000000b2   Code   RO         2191    .text               c_w.l(_printf_intcommon.o)
    0x08000a38   0x0000041a   Code   RO         2193    .text               c_w.l(_printf_fp_dec.o)
    0x08000e52   0x0000002c   Code   RO         2197    .text               c_w.l(_printf_char.o)
    0x08000e7e   0x0000002c   Code   RO         2199    .text               c_w.l(_printf_wchar.o)
    0x08000eaa   0x00000040   Code   RO         2202    .text               c_w.l(_wcrtomb.o)
    0x08000eea   0x0000004a   Code   RO         2204    .text               c_w.l(sys_stackheap_outer.o)
    0x08000f34   0x00000010   Code   RO         2206    .text               c_w.l(rt_ctype_table.o)
    0x08000f44   0x00000008   Code   RO         2211    .text               c_w.l(rt_locale_intlibspace.o)
    0x08000f4c   0x00000080   Code   RO         2213    .text               c_w.l(_printf_fp_infnan.o)
    0x08000fcc   0x000000dc   Code   RO         2215    .text               c_w.l(bigflt0.o)
    0x080010a8   0x00000012   Code   RO         2243    .text               c_w.l(exit.o)
    0x080010ba   0x00000002   PAD
    0x080010bc   0x00000008   Code   RO         2256    .text               c_w.l(libspace.o)
    0x080010c4   0x00000080   Code   RO         2264    .text               c_w.l(strcmpv7m.o)
    0x08001144   0x0000000c   Code   RO         2322    .text               c_w.l(sys_exit.o)
    0x08001150   0x00000002   Code   RO         2333    .text               c_w.l(use_no_semi.o)
    0x08001152   0x00000000   Code   RO         2335    .text               c_w.l(indicate_semi.o)
    0x08001152   0x0000003e   Code   RO         2218    CL$$btod_d2e        c_w.l(btod.o)
    0x08001190   0x00000046   Code   RO         2220    CL$$btod_d2e_denorm_low  c_w.l(btod.o)
    0x080011d6   0x00000060   Code   RO         2219    CL$$btod_d2e_norm_op1  c_w.l(btod.o)
    0x08001236   0x00000338   Code   RO         2228    CL$$btod_div_common  c_w.l(btod.o)
    0x0800156e   0x000000c6   Code   RO         2225    CL$$btod_e2e        c_w.l(btod.o)
    0x08001634   0x00000028   Code   RO         2222    CL$$btod_ediv       c_w.l(btod.o)
    0x0800165c   0x00000028   Code   RO         2221    CL$$btod_emul       c_w.l(btod.o)
    0x08001684   0x00000244   Code   RO         2227    CL$$btod_mult_common  c_w.l(btod.o)
    0x080018c8   0x00000004   Code   RO          129    i.BusFault_Handler  stm32f10x_it.o
    0x080018cc   0x00000002   Code   RO          130    i.DebugMon_Handler  stm32f10x_it.o
    0x080018ce   0x00000026   Code   RO          466    i.Debug_NVIC_Configuration  usart.o
    0x080018f4   0x00000090   Code   RO          467    i.Debug_USART_Config  usart.o
    0x08001984   0x00000116   Code   RO          712    i.GPIO_Init         stm32f10x_gpio.o
    0x08001a9a   0x00000012   Code   RO          716    i.GPIO_ReadInputDataBit  stm32f10x_gpio.o
    0x08001aac   0x00000004   Code   RO          720    i.GPIO_SetBits      stm32f10x_gpio.o
    0x08001ab0   0x00000194   Code   RO          266    i.Gui_DrawFont_GBK16  gui.o
    0x08001c44   0x00000020   Code   RO          335    i.Gui_DrawPoint     lcd_driver.o
    0x08001c64   0x00000004   Code   RO          131    i.HardFault_Handler  stm32f10x_it.o
    0x08001c68   0x00000024   Code   RO          243    i.KEY_Init          key.o
    0x08001c8c   0x00000054   Code   RO          244    i.KEY_Scan          key.o
    0x08001ce0   0x00000054   Code   RO          336    i.LCD_GPIO_Init     lcd_driver.o
    0x08001d34   0x00000034   Code   RO          337    i.LCD_WriteData_16Bit  lcd_driver.o
    0x08001d68   0x00000038   Code   RO          231    i.LED_Init          led.o
    0x08001da0   0x00000032   Code   RO          338    i.Lcd_Clear         lcd_driver.o
    0x08001dd2   0x00000222   Code   RO          339    i.Lcd_Init          lcd_driver.o
    0x08001ff4   0x00000010   Code   RO          341    i.Lcd_Reset         lcd_driver.o
    0x08002004   0x00000056   Code   RO          342    i.Lcd_SetRegion     lcd_driver.o
    0x0800205a   0x00000002   PAD
    0x0800205c   0x0000002c   Code   RO          344    i.Lcd_WriteData     lcd_driver.o
    0x08002088   0x0000002c   Code   RO          345    i.Lcd_WriteIndex    lcd_driver.o
    0x080020b4   0x00000004   Code   RO          132    i.MemManage_Handler  stm32f10x_it.o
    0x080020b8   0x00000002   Code   RO          133    i.NMI_Handler       stm32f10x_it.o
    0x080020ba   0x0000000c   Code   RO          454    i.NVIC_Configuration  sys.o
    0x080020c6   0x00000002   PAD
    0x080020c8   0x00000070   Code   RO          550    i.NVIC_Init         misc.o
    0x08002138   0x00000014   Code   RO          551    i.NVIC_PriorityGroupConfig  misc.o
    0x0800214c   0x0000002c   Code   RO         1344    i.OSInit            os_core.o
    0x08002178   0x00000002   Code   RO         1981    i.OSInitHookBegin   os_cpu_c.o
    0x0800217a   0x00000002   Code   RO         1982    i.OSInitHookEnd     os_cpu_c.o
    0x0800217c   0x00000024   Code   RO         1345    i.OSIntEnter        os_core.o
    0x080021a0   0x00000090   Code   RO         1346    i.OSIntExit         os_core.o
    0x08002230   0x00000048   Code   RO         1349    i.OSStart           os_core.o
    0x08002278   0x0000004c   Code   RO         1350    i.OSStatInit        os_core.o
    0x080022c4   0x00000002   Code   RO         1983    i.OSTCBInitHook     os_cpu_c.o
    0x080022c6   0x00000002   PAD
    0x080022c8   0x000000a0   Code   RO         1841    i.OSTaskCreate      os_task.o
    0x08002368   0x000000b8   Code   RO         1842    i.OSTaskCreateExt   os_task.o
    0x08002420   0x00000002   Code   RO         1984    i.OSTaskCreateHook  os_cpu_c.o
    0x08002422   0x00000002   Code   RO         1986    i.OSTaskIdleHook    os_cpu_c.o
    0x08002424   0x00000070   Code   RO         1846    i.OSTaskNameSet     os_task.o
    0x08002494   0x000000ac   Code   RO         1850    i.OSTaskResume      os_task.o
    0x08002540   0x00000002   Code   RO         1988    i.OSTaskStatHook    os_cpu_c.o
    0x08002542   0x00000002   PAD
    0x08002544   0x0000008c   Code   RO         1851    i.OSTaskStkChk      os_task.o
    0x080025d0   0x0000009a   Code   RO         1989    i.OSTaskStkInit     os_cpu_c.o
    0x0800266a   0x00000002   PAD
    0x0800266c   0x000000a8   Code   RO         1852    i.OSTaskSuspend     os_task.o
    0x08002714   0x00000002   Code   RO         1990    i.OSTaskSwHook      os_cpu_c.o
    0x08002716   0x00000002   PAD
    0x08002718   0x00000078   Code   RO         1936    i.OSTimeDly         os_time.o
    0x08002790   0x000000ec   Code   RO         1351    i.OSTimeTick        os_core.o
    0x0800287c   0x00000002   Code   RO         1991    i.OSTimeTickHook    os_cpu_c.o
    0x0800287e   0x00000002   PAD
    0x08002880   0x00000058   Code   RO         1535    i.OS_FlagInit       os_flag.o
    0x080028d8   0x00000054   Code   RO         1358    i.OS_InitEventList  os_core.o
    0x0800292c   0x00000054   Code   RO         1359    i.OS_InitMisc       os_core.o
    0x08002980   0x00000044   Code   RO         1360    i.OS_InitRdyList    os_core.o
    0x080029c4   0x00000080   Code   RO         1361    i.OS_InitTCBList    os_core.o
    0x08002a44   0x00000050   Code   RO         1362    i.OS_InitTaskIdle   os_core.o
    0x08002a94   0x00000050   Code   RO         1363    i.OS_InitTaskStat   os_core.o
    0x08002ae4   0x00000012   Code   RO         1364    i.OS_MemClr         os_core.o
    0x08002af6   0x00000002   PAD
    0x08002af8   0x00000050   Code   RO         1724    i.OS_QInit          os_q.o
    0x08002b48   0x00000074   Code   RO         1366    i.OS_Sched          os_core.o
    0x08002bbc   0x0000002c   Code   RO         1367    i.OS_SchedNew       os_core.o
    0x08002be8   0x00000134   Code   RO         1369    i.OS_TCBInit        os_core.o
    0x08002d1c   0x00000028   Code   RO         1370    i.OS_TaskIdle       os_core.o
    0x08002d44   0x00000088   Code   RO         1371    i.OS_TaskStat       os_core.o
    0x08002dcc   0x0000003c   Code   RO         1372    i.OS_TaskStatStkChk  os_core.o
    0x08002e08   0x0000001a   Code   RO         1854    i.OS_TaskStkClr     os_task.o
    0x08002e22   0x00000002   PAD
    0x08002e24   0x00000020   Code   RO          822    i.RCC_APB1PeriphClockCmd  stm32f10x_rcc.o
    0x08002e44   0x00000020   Code   RO          824    i.RCC_APB2PeriphClockCmd  stm32f10x_rcc.o
    0x08002e64   0x000000d4   Code   RO          832    i.RCC_GetClocksFreq  stm32f10x_rcc.o
    0x08002f38   0x00000040   Code   RO          347    i.SPI_WriteData     lcd_driver.o
    0x08002f78   0x00000002   Code   RO          134    i.SVC_Handler       stm32f10x_it.o
    0x08002f7a   0x00000008   Code   RO          197    i.SetSysClock       system_stm32f10x.o
    0x08002f82   0x00000002   PAD
    0x08002f84   0x000000e0   Code   RO          198    i.SetSysClockTo72   system_stm32f10x.o
    0x08003064   0x00000028   Code   RO          554    i.SysTick_CLKSourceConfig  misc.o
    0x0800308c   0x00000010   Code   RO          422    i.SysTick_Handler   delay.o
    0x0800309c   0x00000060   Code   RO          200    i.SystemInit        system_stm32f10x.o
    0x080030fc   0x00000018   Code   RO         1168    i.USART_Cmd         stm32f10x_usart.o
    0x08003114   0x0000001a   Code   RO         1171    i.USART_GetFlagStatus  stm32f10x_usart.o
    0x0800312e   0x0000004a   Code   RO         1174    i.USART_ITConfig    stm32f10x_usart.o
    0x08003178   0x000000d8   Code   RO         1175    i.USART_Init        stm32f10x_usart.o
    0x08003250   0x00000008   Code   RO         1185    i.USART_SendData    stm32f10x_usart.o
    0x08003258   0x00000004   Code   RO          135    i.UsageFault_Handler  stm32f10x_it.o
    0x0800325c   0x00000044   Code   RO          468    i.UsartPrintf       usart.o
    0x080032a0   0x00000028   Code   RO         2254    i.__ARM_fpclassify  m_ws.l(fpclassify.o)
    0x080032c8   0x0000000e   Code   RO         2139    i._is_digit         c_w.l(__printf_wp.o)
    0x080032d6   0x00000002   PAD
    0x080032d8   0x0000005c   Code   RO          423    i.delay_init        delay.o
    0x08003334   0x00000048   Code   RO          424    i.delay_ms          delay.o
    0x0800337c   0x0000004c   Code   RO          425    i.delay_us          delay.o
    0x080033c8   0x00000100   Code   RO            2    i.key_task          main.o
    0x080034c8   0x00000018   Code   RO            3    i.led_task          main.o
    0x080034e0   0x00000090   Code   RO            4    i.main              main.o
    0x08003570   0x00000048   Code   RO            5    i.start_task        main.o
    0x080035b8   0x0000002c   Code   RO         2241    locale$$code        c_w.l(lc_numeric_c.o)
    0x080035e4   0x0000002c   Code   RO         2262    locale$$code        c_w.l(lc_ctype_c.o)
    0x08003610   0x00000004   Code   RO         2172    x$fpl$printf1       fz_ws.l(printf1.o)
    0x08003614   0x00000000   Code   RO         2253    x$fpl$usenofp       fz_ws.l(usenofp.o)
    0x08003614   0x00000eaa   Data   RO          273    .constdata          gui.o
    0x080044be   0x00000100   Data   RO         1374    .constdata          os_core.o
    0x080045be   0x00000002   PAD
    0x080045c0   0x00000008   Data   RO         2098    .constdata          c_w.l(_printf_wctomb.o)
    0x080045c8   0x00000028   Data   RO         2127    .constdata          c_w.l(_printf_hex_int_ll_ptr.o)
    0x080045f0   0x00000011   Data   RO         2147    .constdata          c_w.l(__printf_flags_ss_wp.o)
    0x08004601   0x00000003   PAD
    0x08004604   0x00000094   Data   RO         2216    .constdata          c_w.l(bigflt0.o)
    0x08004698   0x00000020   Data   RO         2388    Region$$Table       anon$$obj.o
    0x080046b8   0x0000001c   Data   RO         2240    locale$$data        c_w.l(lc_numeric_c.o)
    0x080046d4   0x00000110   Data   RO         2261    locale$$data        c_w.l(lc_ctype_c.o)


    Execution Region RW_IRAM1 (Base: 0x20000000, Size: 0x00001558, Max: 0x0000c000, ABSOLUTE)

    Base Addr    Size         Type   Attr      Idx    E Section Name        Object

    0x20000000   0x00000014   Data   RW          201    .data               system_stm32f10x.o
    0x20000014   0x00000001   Data   RW          245    .data               key.o
    0x20000015   0x00000001   PAD
    0x20000016   0x00000004   Data   RW          426    .data               delay.o
    0x2000001a   0x00000014   Data   RW          852    .data               stm32f10x_rcc.o
    0x2000002e   0x00000002   PAD
    0x20000030   0x00000048   Data   RW         1375    .data               os_core.o
    0x20000078   0x00000400   Zero   RW            6    .bss                main.o
    0x20000478   0x00000a80   Zero   RW         1373    .bss                os_core.o
    0x20000ef8   0x00000060   Zero   RW         2257    .bss                c_w.l(libspace.o)
    0x20000f58   0x00000200   Zero   RW          544    HEAP                startup_stm32f10x_hd.o
    0x20001158   0x00000400   Zero   RW          543    STACK               startup_stm32f10x_hd.o


==============================================================================

Image component sizes


      Code (inc. data)   RO Data    RW Data    ZI Data      Debug   Object Name

         0          0          0          0          0         32   core_cm3.o
       256         32          0          4          0       2777   delay.o
       404         10       3754          0          0       2652   gui.o
       120         14          0          1          0       1534   key.o
      1018         38          0          0          0       6850   lcd_driver.o
        56          6          0          0          0        579   led.o
       496        202          0          0       1024     244896   main.o
       172         22          0          0          0       2413   misc.o
      1854        368        256         72       2688      20550   os_core.o
       180         36          0          0          0        400   os_cpu_a.o
       170          0          0          0          0      13835   os_cpu_c.o
        88         14          0          0          0        678   os_flag.o
        80          8          0          0          0        651   os_q.o
       962         82          0          0          0       6855   os_task.o
       120         20          0          0          0        716   os_time.o
        64         26        304          0       1536        868   startup_stm32f10x_hd.o
       300          0          0          0          0       3475   stm32f10x_gpio.o
        22          0          0          0          0       3507   stm32f10x_it.o
       276         32          0         20          0       4886   stm32f10x_rcc.o
       348          6          0          0          0       5393   stm32f10x_usart.o
        12          0          0          0          0        545   sys.o
       328         28          0         20          0       2537   system_stm32f10x.o
       250          8          0          0          0       3151   usart.o

    ----------------------------------------------------------------------
      7596        952       4348        120       5248     329780   Object Totals
         0          0         32          0          0          0   (incl. Generated)
        20          0          2          3          0          0   (incl. Padding)

    ----------------------------------------------------------------------

      Code (inc. data)   RO Data    RW Data    ZI Data      Debug   Library Member Name

         8          0          0          0          0         68   __main.o
       392          4         17          0          0         92   __printf_flags_ss_wp.o
        14          0          0          0          0         68   __printf_wp.o
         0          0          0          0          0          0   __rtentry.o
        12          0          0          0          0          0   __rtentry2.o
         6          0          0          0          0          0   __rtentry4.o
        52          8          0          0          0          0   __scatter.o
        26          0          0          0          0          0   __scatter_copy.o
        28          0          0          0          0          0   __scatter_zi.o
         6          0          0          0          0          0   _printf_a.o
         6          0          0          0          0          0   _printf_c.o
        44          0          0          0          0        108   _printf_char.o
        48          6          0          0          0         96   _printf_char_common.o
        40          0          0          0          0         68   _printf_charcount.o
         6          0          0          0          0          0   _printf_d.o
       120         16          0          0          0         92   _printf_dec.o
         6          0          0          0          0          0   _printf_e.o
         6          0          0          0          0          0   _printf_f.o
      1050          0          0          0          0        216   _printf_fp_dec.o
       128         16          0          0          0         84   _printf_fp_infnan.o
         6          0          0          0          0          0   _printf_g.o
       148          4         40          0          0        160   _printf_hex_int_ll_ptr.o
         6          0          0          0          0          0   _printf_i.o
       178          0          0          0          0         88   _printf_intcommon.o
        10          0          0          0          0          0   _printf_l.o
         6          0          0          0          0          0   _printf_lc.o
        10          0          0          0          0          0   _printf_ll.o
         6          0          0          0          0          0   _printf_lld.o
         6          0          0          0          0          0   _printf_lli.o
         6          0          0          0          0          0   _printf_llo.o
         6          0          0          0          0          0   _printf_llu.o
         6          0          0          0          0          0   _printf_llx.o
       124         16          0          0          0         92   _printf_longlong_dec.o
         6          0          0          0          0          0   _printf_ls.o
         6          0          0          0          0          0   _printf_n.o
         6          0          0          0          0          0   _printf_o.o
       112          8          0          0          0        124   _printf_oct_int_ll.o
         6          0          0          0          0          0   _printf_p.o
        78          0          0          0          0        108   _printf_pad.o
         0          0          0          0          0          0   _printf_percent.o
         4          0          0          0          0          0   _printf_percent_end.o
         6          0          0          0          0          0   _printf_s.o
        82          0          0          0          0         80   _printf_str.o
        36          0          0          0          0         84   _printf_truncate.o
         6          0          0          0          0          0   _printf_u.o
        44          0          0          0          0        108   _printf_wchar.o
       188          6          8          0          0         92   _printf_wctomb.o
         6          0          0          0          0          0   _printf_x.o
        10          0          0          0          0         68   _sputc.o
        64          0          0          0          0         92   _wcrtomb.o
       220          4        148          0          0         96   bigflt0.o
      1910        128          0          0          0        672   btod.o
        36          4          0          0          0         76   c89vsprintf.o
        18          0          0          0          0         80   exit.o
         6          0          0          0          0        152   heapauxi.o
         0          0          0          0          0          0   indicate_semi.o
        44         10        272          0          0         76   lc_ctype_c.o
        44         10         28          0          0         76   lc_numeric_c.o
         2          0          0          0          0          0   libinit.o
        30          0          0          0          0          0   libinit2.o
         2          0          0          0          0          0   libshutdown.o
         2          0          0          0          0          0   libshutdown2.o
         8          4          0          0         96         68   libspace.o
       138          0          0          0          0         80   lludiv10.o
        16          4          0          0          0         76   rt_ctype_table.o
         8          4          0          0          0         68   rt_locale_intlibspace.o
         2          0          0          0          0          0   rtexit.o
        10          0          0          0          0          0   rtexit2.o
       128          0          0          0          0         68   strcmpv7m.o
        12          4          0          0          0         68   sys_exit.o
        74          0          0          0          0         80   sys_stackheap_outer.o
         2          0          0          0          0         68   use_no_semi.o
         4          0          0          0          0         68   printf1.o
         0          0          0          0          0          0   usenofp.o
        40          0          0          0          0         68   fpclassify.o

    ----------------------------------------------------------------------
      5944        256        516          0         96       3928   Library Totals
        12          0          3          0          0          0   (incl. Padding)

    ----------------------------------------------------------------------

      Code (inc. data)   RO Data    RW Data    ZI Data      Debug   Library Name

      5888        256        513          0         96       3792   c_w.l
         4          0          0          0          0         68   fz_ws.l
        40          0          0          0          0         68   m_ws.l

    ----------------------------------------------------------------------
      5944        256        516          0         96       3928   Library Totals

    ----------------------------------------------------------------------

==============================================================================


      Code (inc. data)   RO Data    RW Data    ZI Data      Debug   

     13540       1208       4864        120       5344     327256   Grand Totals
     13540       1208       4864        120       5344     327256   ELF Image Totals
     13540       1208       4864        120          0          0   ROM Totals

==============================================================================

    Total RO  Size (Code + RO Data)                18404 (  17.97kB)
    Total RW  Size (RW Data + ZI Data)              5464 (   5.34kB)
    Total ROM Size (Code + RO Data + RW Data)      18524 (  18.09kB)

==============================================================================

